Component: ARM Compiler 5.06 update 5 (build 528) Tool: armlink [4d35e2]

==============================================================================

Section Cross References

    main.o(i.board_lowlevel_init) refers to stm32f10x_rcc.o(i.RCC_APB2PeriphClockCmd) for RCC_APB2PeriphClockCmd
    main.o(i.board_lowlevel_init) refers to stm32f10x_rcc.o(i.RCC_APB1PeriphClockCmd) for RCC_APB1PeriphClockCmd
    main.o(i.board_lowlevel_init) refers to stm32f10x_rcc.o(i.RCC_AHBPeriphClockCmd) for RCC_AHBPeriphClockCmd
    main.o(i.board_lowlevel_init) refers to stm32f10x_pwr.o(i.PWR_BackupAccessCmd) for PWR_BackupAccessCmd
    main.o(i.board_lowlevel_init) refers to stm32f10x_bkp.o(i.BKP_DeInit) for BKP_DeInit
    main.o(i.board_lowlevel_init) refers to stm32f10x_rcc.o(i.RCC_LSEConfig) for RCC_LSEConfig
    main.o(i.board_lowlevel_init) refers to stm32f10x_rcc.o(i.RCC_GetFlagStatus) for RCC_GetFlagStatus
    main.o(i.main) refers to main.o(i.board_lowlevel_init) for board_lowlevel_init
    main.o(i.main) refers to led.o(i.led_init) for led_init
    main.o(i.main) refers to rtc.o(i.rtc_init) for rtc_init
    main.o(i.main) refers to timer.o(i.timer_init) for timer_init
    main.o(i.main) refers to timer.o(i.timer_elapsed_register) for timer_elapsed_register
    main.o(i.main) refers to timer.o(i.timer_start) for timer_start
    main.o(i.main) refers to mpu6050.o(i.mpu6050_init) for mpu6050_init
    main.o(i.main) refers to st7735.o(i.st7735_init) for st7735_init
    main.o(i.main) refers to st7735.o(i.st7735_fill_screen) for st7735_fill_screen
    main.o(i.main) refers to st7735.o(i.st7735_write_string) for st7735_write_string
    main.o(i.main) refers to delay.o(i.delay_ms) for delay_ms
    main.o(i.main) refers to main.o(i.wifi_init) for wifi_init
    main.o(i.main) refers to rtc.o(i.rtc_get_date) for rtc_get_date
    main.o(i.main) refers to printfa.o(i.__0snprintf) for __2snprintf
    main.o(i.main) refers to esp_at.o(i.esp_at_get_time) for esp_at_get_time
    main.o(i.main) refers to rtc.o(i.rtc_set_timestamp) for rtc_set_timestamp
    main.o(i.main) refers to esp_at.o(i.esp_at_get_http) for esp_at_get_http
    main.o(i.main) refers to weather.o(i.weather_parse) for weather_parse
    main.o(i.main) refers to strcmp.o(.text) for strcmp
    main.o(i.main) refers to st7735.o(i.st7735_draw_image) for st7735_draw_image
    main.o(i.main) refers to st7735.o(i.st7735_write_fonts) for st7735_write_fonts
    main.o(i.main) refers to mpu6050.o(i.mpu6050_read_temper) for mpu6050_read_temper
    main.o(i.main) refers to f2d.o(.text) for __aeabi_f2d
    main.o(i.main) refers to main.o(i.timer_elapsed_callback) for timer_elapsed_callback
    main.o(i.main) refers to stfonts.o(.data) for font_ascii_8x16
    main.o(i.main) refers to main.o(.data) for .data
    main.o(i.main) refers to font_time_48.o(.data) for font_time_24x48
    main.o(i.main) refers to icon_weather_duoyun.o(.constdata) for icon_weather_duopyun
    main.o(i.main) refers to icon_weather_feng.o(.constdata) for icon_weather_feng
    main.o(i.main) refers to icon_weather_qing.o(.constdata) for icon_weather_qing
    main.o(i.main) refers to icon_weather_xue.o(.constdata) for icon_weather_xue
    main.o(i.main) refers to icon_weather_yin.o(.constdata) for icon_weather_yin
    main.o(i.main) refers to icon_weather_yu.o(.constdata) for icon_weather_yu
    main.o(i.main) refers to font_temper_32.o(.data) for font_temper_16x32
    main.o(i.main) refers to font_character_16.o(.data) for font_du_32x32
    main.o(i.main) refers to font_character_16.o(.data) for font_du_16x16
    main.o(i.main) refers to icon_location.o(.constdata) for icon_location
    main.o(i.main) refers to font_location.o(.data) for font_location_32x32
    main.o(i.main) refers to font_character_16.o(.data) for font_character_16x16
    main.o(i.timer_elapsed_callback) refers to main.o(.data) for .data
    main.o(i.wifi_init) refers to st7735.o(i.st7735_write_string) for st7735_write_string
    main.o(i.wifi_init) refers to esp_at.o(i.esp_at_init) for esp_at_init
    main.o(i.wifi_init) refers to esp_at.o(i.esp_at_wifi_init) for esp_at_wifi_init
    main.o(i.wifi_init) refers to esp_at.o(i.esp_at_wifi_connect) for esp_at_wifi_connect
    main.o(i.wifi_init) refers to esp_at.o(i.esp_at_sntp_init) for esp_at_sntp_init
    main.o(i.wifi_init) refers to main.o(.data) for .data
    main.o(i.wifi_init) refers to stfonts.o(.data) for font_ascii_8x16
    main.o(.data) refers to main.o(.conststring) for .conststring
    delay.o(i.delay_ms) refers to delay.o(i.delay_us) for delay_us
    delay.o(i.delay_us) refers to system_stm32f10x.o(.data) for SystemCoreClock
    weather.o(i.weather_parse) refers to strstr.o(.text) for strstr
    weather.o(i.weather_parse) refers to strchr.o(.text) for strchr
    weather.o(i.weather_parse) refers to strncpy.o(.text) for strncpy
    font_temper_32.o(.data) refers to font_temper_32.o(.constdata) for font_temper_16x32_data
[...]
    ../clib/microlib/string/strcmp.c         0x00000000   Number         0  strcmp.o ABSOLUTE
    ../clib/microlib/string/strlen.c         0x00000000   Number         0  strlen.o ABSOLUTE
    ../clib/microlib/string/strncpy.c        0x00000000   Number         0  strncpy.o ABSOLUTE
    ../clib/microlib/string/strstr.c         0x00000000   Number         0  strstr.o ABSOLUTE
    ../clib/microlib/stubs.s                 0x00000000   Number         0  iusefp.o ABSOLUTE
    ../clib/microlib/stubs.s                 0x00000000   Number         0  iusesemip.o ABSOLUTE
    ../clib/scanf.c                          0x00000000   Number         0  strtol.o ABSOLUTE
    ../clib/scanf.c                          0x00000000   Number         0  _strtoul.o ABSOLUTE
    ../clib/scanf.c                          0x00000000   Number         0  _chval.o ABSOLUTE
    ../clib/scanf.c                          0x00000000   Number         0  atoi.o ABSOLUTE
    ../fplib/microlib/f2d.c                  0x00000000   Number         0  f2d.o ABSOLUTE
    ../fplib/microlib/fpadd.c                0x00000000   Number         0  dadd.o ABSOLUTE
    ../fplib/microlib/fpadd.c                0x00000000   Number         0  fadd.o ABSOLUTE
    ../fplib/microlib/fpdiv.c                0x00000000   Number         0  ddiv.o ABSOLUTE
    ../fplib/microlib/fpdiv.c                0x00000000   Number         0  fdiv.o ABSOLUTE
    ../fplib/microlib/fpepilogue.c           0x00000000   Number         0  fepilogue.o ABSOLUTE
    ../fplib/microlib/fpepilogue.c           0x00000000   Number         0  depilogue.o ABSOLUTE
    ../fplib/microlib/fpfix.c                0x00000000   Number         0  dfixul.o ABSOLUTE
    ../fplib/microlib/fpflt.c                0x00000000   Number         0  fflti.o ABSOLUTE
    ../fplib/microlib/fpmul.c                0x00000000   Number         0  dmul.o ABSOLUTE
    ../fplib/microlib/fpscalb.c              0x00000000   Number         0  fscalb.o ABSOLUTE
    ..\\firmware\\cmsis\\core\\core_cm3.c    0x00000000   Number         0  core_cm3.o ABSOLUTE
    ..\app\board.c                           0x00000000   Number         0  board.o ABSOLUTE
    ..\app\delay.c                           0x00000000   Number         0  delay.o ABSOLUTE
    ..\app\font_character_16.c               0x00000000   Number         0  font_character_16.o ABSOLUTE
    ..\app\font_location.c                   0x00000000   Number         0  font_location.o ABSOLUTE
    ..\app\font_lucky.c                      0x00000000   Number         0  font_lucky.o ABSOLUTE
    ..\app\font_temper_32.c                  0x00000000   Number         0  font_temper_32.o ABSOLUTE
    ..\app\font_time_48.c                    0x00000000   Number         0  font_time_48.o ABSOLUTE
    ..\app\icon\icon_location.c              0x00000000   Number         0  icon_location.o ABSOLUTE
    ..\app\icon\icon_weather_duoyun.c        0x00000000   Number         0  icon_weather_duoyun.o ABSOLUTE
    ..\app\icon\icon_weather_feng.c          0x00000000   Number         0  icon_weather_feng.o ABSOLUTE
    ..\app\icon\icon_weather_qing.c          0x00000000   Number         0  icon_weather_qing.o ABSOLUTE
    ..\app\icon\icon_weather_xue.c           0x00000000   Number         0  icon_weather_xue.o ABSOLUTE
    ..\app\icon\icon_weather_yin.c           0x00000000   Number         0  icon_weather_yin.o ABSOLUTE
    ..\app\icon\icon_weather_yu.c            0x00000000   Number         0  icon_weather_yu.o ABSOLUTE
    ..\app\main.c                            0x00000000   Number         0  main.o ABSOLUTE
    ..\app\weather.c                         0x00000000   Number         0  weather.o ABSOLUTE
    ..\driver\esp-at\esp_at.c                0x00000000   Number         0  esp_at.o ABSOLUTE
    ..\driver\esp-at\esp_usart.c             0x00000000   Number         0  esp_usart.o ABSOLUTE
    ..\driver\led.c                          0x00000000   Number         0  led.o ABSOLUTE
    ..\driver\mpu6050\mpu6050.c              0x00000000   Number         0  mpu6050.o ABSOLUTE
    ..\driver\mpu6050\swi2c.c                0x00000000   Number         0  swi2c.o ABSOLUTE
    ..\driver\rtc.c                          0x00000000   Number         0  rtc.o ABSOLUTE
    ..\driver\st7735\lcd_spi.c               0x00000000   Number         0  lcd_spi.o ABSOLUTE
    ..\driver\st7735\st7735.c                0x00000000   Number         0  st7735.o ABSOLUTE
    ..\driver\st7735\stfonts.c               0x00000000   Number         0  stfonts.o ABSOLUTE
    ..\driver\timer.c                        0x00000000   Number         0  timer.o ABSOLUTE
    ..\firmware\cmsis\core\core_cm3.c        0x00000000   Number         0  core_cm3.o ABSOLUTE
    ..\firmware\cmsis\device\startup_stm32f10x_xl.s 0x00000000   Number         0  startup_stm32f10x_xl.o ABSOLUTE
    ..\firmware\cmsis\device\system_stm32f10x.c 0x00000000   Number         0  system_stm32f10x.o ABSOLUTE
    ..\firmware\driver\src\misc.c            0x00000000   Number         0  misc.o ABSOLUTE
    ..\firmware\driver\src\stm32f10x_adc.c   0x00000000   Number         0  stm32f10x_adc.o ABSOLUTE
    ..\firmware\driver\src\stm32f10x_bkp.c   0x00000000   Number         0  stm32f10x_bkp.o ABSOLUTE
    ..\firmware\driver\src\stm32f10x_can.c   0x00000000   Number         0  stm32f10x_can.o ABSOLUTE
    ..\firmware\driver\src\stm32f10x_cec.c   0x00000000   Number         0  stm32f10x_cec.o ABSOLUTE
    ..\firmware\driver\src\stm32f10x_crc.c   0x00000000   Number         0  stm32f10x_crc.o ABSOLUTE
    ..\firmware\driver\src\stm32f10x_dac.c   0x00000000   Number         0  stm32f10x_dac.o ABSOLUTE
    ..\firmware\driver\src\stm32f10x_dbgmcu.c 0x00000000   Number         0  stm32f10x_dbgmcu.o ABSOLUTE
    ..\firmware\driver\src\stm32f10x_dma.c   0x00000000   Number         0  stm32f10x_dma.o ABSOLUTE
    ..\firmware\driver\src\stm32f10x_exti.c  0x00000000   Number         0  stm32f10x_exti.o ABSOLUTE
    ..\firmware\driver\src\stm32f10x_flash.c 0x00000000   Number         0  stm32f10x_flash.o ABSOLUTE
    ..\firmware\driver\src\stm32f10x_fsmc.c  0x00000000   Number         0  stm32f10x_fsmc.o ABSOLUTE
    ..\firmware\driver\src\stm32f10x_gpio.c  0x00000000   Number         0  stm32f10x_gpio.o ABSOLUTE
    ..\firmware\driver\src\stm32f10x_i2c.c   0x00000000   Number         0  stm32f10x_i2c.o ABSOLUTE
    ..\firmware\driver\src\stm32f10x_iwdg.c  0x00000000   Number         0  stm32f10x_iwdg.o ABSOLUTE
    ..\firmware\driver\src\stm32f10x_pwr.c   0x00000000   Number         0  stm32f10x_pwr.o ABSOLUTE
    ..\firmware\driver\src\stm32f10x_rcc.c   0x00000000   Number         0  stm32f10x_rcc.o ABSOLUTE
    ..\firmware\driver\src\stm32f10x_rtc.c   0x00000000   Number         0  stm32f10x_rtc.o ABSOLUTE
    ..\firmware\driver\src\stm32f10x_sdio.c  0x00000000   Number         0  stm32f10x_sdio.o ABSOLUTE
    ..\firmware\driver\src\stm32f10x_spi.c   0x00000000   Number         0  stm32f10x_spi.o ABSOLUTE
    ..\firmware\driver\src\stm32f10x_tim.c   0x00000000   Number         0  stm32f10x_tim.o ABSOLUTE
    ..\firmware\driver\src\stm32f10x_usart.c 0x00000000   Number         0  stm32f10x_usart.o ABSOLUTE
    ..\firmware\driver\src\stm32f10x_wwdg.c  0x00000000   Number         0  stm32f10x_wwdg.o ABSOLUTE
    cdrcmple.s                               0x00000000   Number         0  cdrcmple.o ABSOLUTE
    dc.s                                     0x00000000   Number         0  dc.o ABSOLUTE
    handlers.s                               0x00000000   Number         0  handlers.o ABSOLUTE
    init.s                                   0x00000000   Number         0  init.o ABSOLUTE
    RESET                                    0x08000000   Section      304  startup_stm32f10x_xl.o(RESET)
    .ARM.Collect$$$$00000000                 0x08000130   Section        0  entry.o(.ARM.Collect$$$$00000000)
    .ARM.Collect$$$$00000001                 0x08000130   Section        4  entry2.o(.ARM.Collect$$$$00000001)
    .ARM.Collect$$$$00000004                 0x08000134   Section        4  entry5.o(.ARM.Collect$$$$00000004)
    .ARM.Collect$$$$00000008                 0x08000138   Section        0  entry7b.o(.ARM.Collect$$$$00000008)
    .ARM.Collect$$$$0000000A                 0x08000138   Section        0  entry8b.o(.ARM.Collect$$$$0000000A)
    .ARM.Collect$$$$0000000B                 0x08000138   Section        8  entry9a.o(.ARM.Collect$$$$0000000B)
    .ARM.Collect$$$$0000000D                 0x08000140   Section        0  entry10a.o(.ARM.Collect$$$$0000000D)
    .ARM.Collect$$$$0000000F                 0x08000140   Section        0  entry11a.o(.ARM.Collect$$$$0000000F)
    .ARM.Collect$$$$00002712                 0x08000140   Section        4  entry2.o(.ARM.Collect$$$$00002712)
    __lit__00000000                          0x08000140   Data           4  entry2.o(.ARM.Collect$$$$00002712)
    .text                                    0x08000144   Section       36  startup_stm32f10x_xl.o(.text)
    .text                                    0x08000168   Section        0  memcpya.o(.text)
    .text                                    0x0800018c   Section        0  strstr.o(.text)
    .text                                    0x080001b0   Section        0  strncpy.o(.text)
    .text                                    0x080001c8   Section        0  strchr.o(.text)
    .text                                    0x080001dc   Section        0  strlen.o(.text)
    .text                                    0x080001ea   Section        0  strcmp.o(.text)
    .text                                    0x08000206   Section        0  atoi.o(.text)
    .text                                    0x08000220   Section        0  fadd.o(.text)
    .text                                    0x080002d0   Section        0  fdiv.o(.text)
    .text                                    0x0800034c   Section        0  fflti.o(.text)
    .text                                    0x0800035e   Section        0  f2d.o(.text)
    .text                                    0x08000384   Section        0  uidiv.o(.text)
    .text                                    0x080003b0   Section        0  uldiv.o(.text)
    .text                                    0x08000412   Section        0  strtol.o(.text)
    .text                                    0x08000482   Section        0  iusefp.o(.text)
    .text                                    0x08000482   Section        0  fepilogue.o(.text)
    .text                                    0x080004f0   Section        0  dadd.o(.text)
    .text                                    0x0800063e   Section        0  dmul.o(.text)
    .text                                    0x08000722   Section        0  ddiv.o(.text)
    .text                                    0x08000800   Section        0  dfixul.o(.text)
    .text                                    0x08000830   Section       48  cdrcmple.o(.text)
    .text                                    0x08000860   Section       36  init.o(.text)
    .text                                    0x08000884   Section        0  llshl.o(.text)
    .text                                    0x080008a2   Section        0  llushr.o(.text)
    .text                                    0x080008c2   Section        0  llsshr.o(.text)
    .text                                    0x080008e8   Section        0  ctype_o.o(.text)
    .text                                    0x080008f0   Section        0  _strtoul.o(.text)
    .text                                    0x0800098e   Section        0  depilogue.o(.text)
    .text                                    0x08000a48   Section        0  _chval.o(.text)
    i.BKP_DeInit                             0x08000a64   Section        0  stm32f10x_bkp.o(i.BKP_DeInit)
    i.DMA1_Channel3_IRQHandler               0x08000a78   Section        0  lcd_spi.o(i.DMA1_Channel3_IRQHandler)
    i.DMA_ClearITPendingBit                  0x08000ab4   Section        0  stm32f10x_dma.o(i.DMA_ClearITPendingBit)
    i.DMA_Cmd                                0x08000acc   Section        0  stm32f10x_dma.o(i.DMA_Cmd)
    i.DMA_DeInit                             0x08000ae4   Section        0  stm32f10x_dma.o(i.DMA_DeInit)
    i.DMA_GetITStatus                        0x08000bc8   Section        0  stm32f10x_dma.o(i.DMA_GetITStatus)
    i.DMA_ITConfig                           0x08000be8   Section        0  stm32f10x_dma.o(i.DMA_ITConfig)
    i.DMA_Init                               0x08000bf8   Section        0  stm32f10x_dma.o(i.DMA_Init)
    i.GPIO_Init                              0x08000c34   Section        0  stm32f10x_gpio.o(i.GPIO_Init)
    i.GPIO_ReadInputDataBit                  0x08000cd6   Section        0  stm32f10x_gpio.o(i.GPIO_ReadInputDataBit)
    i.GPIO_ResetBits                         0x08000ce4   Section        0  stm32f10x_gpio.o(i.GPIO_ResetBits)
    i.GPIO_SetBits                           0x08000ce8   Section        0  stm32f10x_gpio.o(i.GPIO_SetBits)
    i.GPIO_WriteBit                          0x08000cec   Section        0  stm32f10x_gpio.o(i.GPIO_WriteBit)
    i.NVIC_Init                              0x08000cf8   Section        0  misc.o(i.NVIC_Init)
    i.PWR_BackupAccessCmd                    0x08000d5c   Section        0  stm32f10x_pwr.o(i.PWR_BackupAccessCmd)
    i.RCC_AHBPeriphClockCmd                  0x08000d68   Section        0  stm32f10x_rcc.o(i.RCC_AHBPeriphClockCmd)
    i.RCC_APB1PeriphClockCmd                 0x08000d80   Section        0  stm32f10x_rcc.o(i.RCC_APB1PeriphClockCmd)
    i.RCC_APB2PeriphClockCmd                 0x08000d98   Section        0  stm32f10x_rcc.o(i.RCC_APB2PeriphClockCmd)
    i.RCC_BackupResetCmd                     0x08000db0   Section        0  stm32f10x_rcc.o(i.RCC_BackupResetCmd)
    i.RCC_GetClocksFreq                      0x08000dbc   Section        0  stm32f10x_rcc.o(i.RCC_GetClocksFreq)
    i.RCC_GetFlagStatus                      0x08000e4c   Section        0  stm32f10x_rcc.o(i.RCC_GetFlagStatus)
    i.RCC_LSEConfig                          0x08000e7c   Section        0  stm32f10x_rcc.o(i.RCC_LSEConfig)
    i.RCC_RTCCLKCmd                          0x08000e9c   Section        0  stm32f10x_rcc.o(i.RCC_RTCCLKCmd)
    i.RCC_RTCCLKConfig                       0x08000ea8   Section        0  stm32f10x_rcc.o(i.RCC_RTCCLKConfig)
    i.RTC_EnterConfigMode                    0x08000eb8   Section        0  stm32f10x_rtc.o(i.RTC_EnterConfigMode)
    i.RTC_ExitConfigMode                     0x08000ec8   Section        0  stm32f10x_rtc.o(i.RTC_ExitConfigMode)
    i.RTC_GetCounter                         0x08000ed8   Section        0  stm32f10x_rtc.o(i.RTC_GetCounter)
    i.RTC_SetCounter                         0x08000ef8   Section        0  stm32f10x_rtc.o(i.RTC_SetCounter)
    i.RTC_SetPrescaler                       0x08000f18   Section        0  stm32f10x_rtc.o(i.RTC_SetPrescaler)
    i.RTC_WaitForLastTask                    0x08000f38   Section        0  stm32f10x_rtc.o(i.RTC_WaitForLastTask)
    i.RTC_WaitForSynchro                     0x08000f48   Section        0  stm32f10x_rtc.o(i.RTC_WaitForSynchro)
    i.SPI_Cmd                                0x08000f60   Section        0  stm32f10x_spi.o(i.SPI_Cmd)
    i.SPI_I2S_DMACmd                         0x08000f74   Section        0  stm32f10x_spi.o(i.SPI_I2S_DMACmd)
    i.SPI_I2S_GetFlagStatus                  0x08000f84   Section        0  stm32f10x_spi.o(i.SPI_I2S_GetFlagStatus)
    i.SPI_I2S_SendData                       0x08000f92   Section        0  stm32f10x_spi.o(i.SPI_I2S_SendData)
    i.SPI_Init                               0x08000f96   Section        0  stm32f10x_spi.o(i.SPI_Init)
    i.SetSysClockTo72                        0x08000fd0   Section        0  system_stm32f10x.o(i.SetSysClockTo72)
    SetSysClockTo72                          0x08000fd1   Thumb Code   160  system_stm32f10x.o(i.SetSysClockTo72)
    i.SystemInit                             0x08001078   Section        0  system_stm32f10x.o(i.SystemInit)
    i.TIM2_IRQHandler                        0x080010c8   Section        0  timer.o(i.TIM2_IRQHandler)
    i.TIM_ClearITPendingBit                  0x080010f4   Section        0  stm32f10x_tim.o(i.TIM_ClearITPendingBit)
    i.TIM_Cmd                                0x080010fa   Section        0  stm32f10x_tim.o(i.TIM_Cmd)
    i.TIM_GetITStatus                        0x0800110e   Section        0  stm32f10x_tim.o(i.TIM_GetITStatus)
    i.TIM_ITConfig                           0x08001126   Section        0  stm32f10x_tim.o(i.TIM_ITConfig)
    i.TIM_TimeBaseInit                       0x08001138   Section        0  stm32f10x_tim.o(i.TIM_TimeBaseInit)
    i.USART2_IRQHandler                      0x080011d4   Section        0  esp_usart.o(i.USART2_IRQHandler)
    i.USART_Cmd                              0x08001208   Section        0  stm32f10x_usart.o(i.USART_Cmd)
    i.USART_GetFlagStatus                    0x0800121c   Section        0  stm32f10x_usart.o(i.USART_GetFlagStatus)
    i.USART_GetITStatus                      0x0800122a   Section        0  stm32f10x_usart.o(i.USART_GetITStatus)
    i.USART_ITConfig                         0x08001268   Section        0  stm32f10x_usart.o(i.USART_ITConfig)
    i.USART_Init                             0x08001298   Section        0  stm32f10x_usart.o(i.USART_Init)
    i.USART_ReceiveData                      0x08001344   Section        0  stm32f10x_usart.o(i.USART_ReceiveData)
    i.USART_SendData                         0x0800134c   Section        0  stm32f10x_usart.o(i.USART_SendData)
    i.__0snprintf                            0x08001354   Section        0  printfa.o(i.__0snprintf)
    i.__aeabi_errno_addr                     0x08001384   Section        0  errno.o(i.__aeabi_errno_addr)
    i.__scatterload_copy                     0x0800138c   Section       14  handlers.o(i.__scatterload_copy)
    i.__scatterload_null                     0x0800139a   Section        2  handlers.o(i.__scatterload_null)
    i.__scatterload_zeroinit                 0x0800139c   Section       14  handlers.o(i.__scatterload_zeroinit)
    i._fp_digits                             0x080013ac   Section        0  printfa.o(i._fp_digits)
    _fp_digits                               0x080013ad   Thumb Code   366  printfa.o(i._fp_digits)
    i._printf_core                           0x08001530   Section        0  printfa.o(i._printf_core)
    _printf_core                             0x08001531   Thumb Code  1744  printfa.o(i._printf_core)
    i._printf_post_padding                   0x08001c0c   Section        0  printfa.o(i._printf_post_padding)
    _printf_post_padding                     0x08001c0d   Thumb Code    36  printfa.o(i._printf_post_padding)
    i._printf_pre_padding                    0x08001c30   Section        0  printfa.o(i._printf_pre_padding)
    _printf_pre_padding                      0x08001c31   Thumb Code    46  printfa.o(i._printf_pre_padding)
    i._snputc                                0x08001c5e   Section        0  printfa.o(i._snputc)
    _snputc                                  0x08001c5f   Thumb Code    22  printfa.o(i._snputc)
    i.board_lowlevel_init                    0x08001c74   Section        0  main.o(i.board_lowlevel_init)
    board_lowlevel_init                      0x08001c75   Thumb Code   118  main.o(i.board_lowlevel_init)
    i.delay_ms                               0x08001cea   Section        0  delay.o(i.delay_ms)
    i.delay_us                               0x08001d00   Section        0  delay.o(i.delay_us)
    i.esp_at_get_http                        0x08001d30   Section        0  esp_at.o(i.esp_at_get_http)
    i.esp_at_get_time                        0x08001d70   Section        0  esp_at.o(i.esp_at_get_time)
    i.esp_at_init                            0x08001dc0   Section        0  esp_at.o(i.esp_at_init)
    i.esp_at_reset                           0x08001de4   Section        0  esp_at.o(i.esp_at_reset)
    i.esp_at_send_command                    0x08001e48   Section        0  esp_at.o(i.esp_at_send_command)
    i.esp_at_sntp_init                       0x08001ea8   Section        0  esp_at.o(i.esp_at_sntp_init)
    i.esp_at_wifi_connect                    0x08001f18   Section        0  esp_at.o(i.esp_at_wifi_connect)
    i.esp_at_wifi_init                       0x08001f58   Section        0  esp_at.o(i.esp_at_wifi_init)
    i.esp_usart_init                         0x08001f7c   Section        0  esp_usart.o(i.esp_usart_init)
    i.esp_usart_receive_register             0x08002018   Section        0  esp_usart.o(i.esp_usart_receive_register)
    i.esp_usart_write_data                   0x08002024   Section        0  esp_usart.o(i.esp_usart_write_data)
    i.esp_usart_write_string                 0x08002058   Section        0  esp_usart.o(i.esp_usart_write_string)
    i.i2c_read_byte                          0x0800206c   Section        0  swi2c.o(i.i2c_read_byte)
    i2c_read_byte                            0x0800206d   Thumb Code   140  swi2c.o(i.i2c_read_byte)
    i.i2c_start                              0x080020fc   Section        0  swi2c.o(i.i2c_start)
    i2c_start                                0x080020fd   Thumb Code    52  swi2c.o(i.i2c_start)
    i.i2c_stop                               0x08002134   Section        0  swi2c.o(i.i2c_stop)
    i2c_stop                                 0x08002135   Thumb Code    50  swi2c.o(i.i2c_stop)
    i.i2c_write_byte                         0x0800216c   Section        0  swi2c.o(i.i2c_write_byte)
    i2c_write_byte                           0x0800216d   Thumb Code   136  swi2c.o(i.i2c_write_byte)
    i.lcd_spi_init                           0x080021f8   Section        0  lcd_spi.o(i.lcd_spi_init)
    i.lcd_spi_send_finish_register           0x080022b8   Section        0  lcd_spi.o(i.lcd_spi_send_finish_register)
    i.lcd_spi_write                          0x080022c4   Section        0  lcd_spi.o(i.lcd_spi_write)
    i.lcd_spi_write_async                    0x08002304   Section        0  lcd_spi.o(i.lcd_spi_write_async)
    i.led_init                               0x0800235c   Section        0  led.o(i.led_init)
    i.main                                   0x08002388   Section        0  main.o(i.main)
    i.mpu6050_init                           0x08002734   Section        0  mpu6050.o(i.mpu6050_init)
    i.mpu6050_read_temper                    0x080027a0   Section        0  mpu6050.o(i.mpu6050_read_temper)
    i.on_usart_received                      0x080027d4   Section        0  esp_at.o(i.on_usart_received)
    on_usart_received                        0x080027d5   Thumb Code    78  esp_at.o(i.on_usart_received)
    i.rtc_get_date                           0x0800282c   Section        0  rtc.o(i.rtc_get_date)
    i.rtc_init                               0x08002844   Section        0  rtc.o(i.rtc_init)
    i.rtc_set_timestamp                      0x0800286c   Section        0  rtc.o(i.rtc_set_timestamp)
    i.spi_on_async_finish                    0x08002884   Section        0  st7735.o(i.spi_on_async_finish)
    spi_on_async_finish                      0x08002885   Thumb Code     8  st7735.o(i.spi_on_async_finish)
    i.st7735_draw_image                      0x08002890   Section        0  st7735.o(i.st7735_draw_image)
    i.st7735_fill_rect                       0x080028e8   Section        0  st7735.o(i.st7735_fill_rect)
    i.st7735_fill_screen                     0x08002988   Section        0  st7735.o(i.st7735_fill_screen)
    i.st7735_init                            0x0800299c   Section        0  st7735.o(i.st7735_init)
    i.st7735_select                          0x08002a6c   Section        0  st7735.o(i.st7735_select)
    st7735_select                            0x08002a6d   Thumb Code    10  st7735.o(i.st7735_select)
    i.st7735_set_window                      0x08002a7c   Section        0  st7735.o(i.st7735_set_window)
    st7735_set_window                        0x08002a7d   Thumb Code    66  st7735.o(i.st7735_set_window)
    i.st7735_unselect                        0x08002ac0   Section        0  st7735.o(i.st7735_unselect)
    i.st7735_write_char                      0x08002ad0   Section        0  st7735.o(i.st7735_write_char)
    i.st7735_write_cmd                       0x08002b90   Section        0  st7735.o(i.st7735_write_cmd)
    st7735_write_cmd                         0x08002b91   Thumb Code    22  st7735.o(i.st7735_write_cmd)
    i.st7735_write_data                      0x08002bac   Section        0  st7735.o(i.st7735_write_data)
    st7735_write_data                        0x08002bad   Thumb Code    38  st7735.o(i.st7735_write_data)
    i.st7735_write_fonts                     0x08002bdc   Section        0  st7735.o(i.st7735_write_fonts)
    i.st7735_write_glyph_by_index            0x08002c38   Section        0  st7735.o(i.st7735_write_glyph_by_index)
    st7735_write_glyph_by_index              0x08002c39   Thumb Code   142  st7735.o(i.st7735_write_glyph_by_index)
    i.st7735_write_string                    0x08002ccc   Section        0  st7735.o(i.st7735_write_string)
    i.swi2c_init                             0x08002d18   Section        0  swi2c.o(i.swi2c_init)
    i.swi2c_read                             0x08002d54   Section        0  swi2c.o(i.swi2c_read)
    i.swi2c_write                            0x08002db4   Section        0  swi2c.o(i.swi2c_write)
    i.timer_elapsed_callback                 0x08002df8   Section        0  main.o(i.timer_elapsed_callback)
    timer_elapsed_callback                   0x08002df9   Thumb Code    20  main.o(i.timer_elapsed_callback)
    i.timer_elapsed_register                 0x08002e14   Section        0  timer.o(i.timer_elapsed_register)
    i.timer_init                             0x08002e20   Section        0  timer.o(i.timer_init)
    i.timer_start                            0x08002e6c   Section        0  timer.o(i.timer_start)
    i.ts_to_date                             0x08002e74   Section        0  rtc.o(i.ts_to_date)
    i.weather_parse                          0x08002f3c   Section        0  weather.o(i.weather_parse)
    i.wifi_init                              0x08002fc8   Section        0  main.o(i.wifi_init)
    wifi_init                                0x08002fc9   Thumb Code   274  main.o(i.wifi_init)
    .constdata                               0x08003130   Section      845  font_temper_32.o(.constdata)
    font_temper_16x32_data                   0x08003130   Data         845  font_temper_32.o(.constdata)
    .constdata                               0x0800347d   Section     1740  font_time_48.o(.constdata)
    font_time_24x48_data                     0x0800347d   Data        1740  font_time_48.o(.constdata)
    .constdata                               0x08003b49   Section     4608  icon_weather_duoyun.o(.constdata)
    duoyun_map                               0x08003b49   Data        4608  icon_weather_duoyun.o(.constdata)
    .constdata                               0x08004d4c   Section        8  icon_weather_duoyun.o(.constdata)
    .constdata                               0x08004d54   Section     4608  icon_weather_feng.o(.constdata)
    feng_map                                 0x08004d54   Data        4608  icon_weather_feng.o(.constdata)
    .constdata                               0x08005f54   Section        8  icon_weather_feng.o(.constdata)
    .constdata                               0x08005f5c   Section     4608  icon_weather_qing.o(.constdata)
    qing_map                                 0x08005f5c   Data        4608  icon_weather_qing.o(.constdata)
    .constdata                               0x0800715c   Section        8  icon_weather_qing.o(.constdata)
    .constdata                               0x08007164   Section     4608  icon_weather_xue.o(.constdata)
    xue_map                                  0x08007164   Data        4608  icon_weather_xue.o(.constdata)
    .constdata                               0x08008364   Section        8  icon_weather_xue.o(.constdata)
    .constdata                               0x0800836c   Section     4608  icon_weather_yin.o(.constdata)
    yin_map                                  0x0800836c   Data        4608  icon_weather_yin.o(.constdata)
    .constdata                               0x0800956c   Section        8  icon_weather_yin.o(.constdata)
    .constdata                               0x08009574   Section     4608  icon_weather_yu.o(.constdata)
    yu_map                                   0x08009574   Data        4608  icon_weather_yu.o(.constdata)
    .constdata                               0x0800a774   Section        8  icon_weather_yu.o(.constdata)
    .constdata                               0x0800a77c   Section      256  font_location.o(.constdata)
    font_location_32x32_data                 0x0800a77c   Data         256  font_location.o(.constdata)
    .constdata                               0x0800a87c   Section     2048  icon_location.o(.constdata)
    location_map                             0x0800a87c   Data        2048  icon_location.o(.constdata)
    .constdata                               0x0800b07c   Section        8  icon_location.o(.constdata)
    .constdata                               0x0800b084   Section      224  font_character_16.o(.constdata)
    font_character_16x16_data                0x0800b084   Data         224  font_character_16.o(.constdata)
    .constdata                               0x0800b164   Section      128  font_character_16.o(.constdata)
    font_du_32x32_data                       0x0800b164   Data         128  font_character_16.o(.constdata)
    .constdata                               0x0800b1e4   Section       32  font_character_16.o(.constdata)
    font_du_16x16_data                       0x0800b1e4   Data          32  font_character_16.o(.constdata)
    .constdata                               0x0800b204   Section       48  rtc.o(.constdata)
    .constdata                               0x0800b234   Section      109  st7735.o(.constdata)
    init_cmd_list                            0x0800b234   Data         109  st7735.o(.constdata)
    .constdata                               0x0800b2a1   Section     1615  stfonts.o(.constdata)
    font_ascii_8x16_data                     0x0800b2a1   Data        1615  stfonts.o(.constdata)
    .constdata                               0x0800b8f0   Section      129  ctype_o.o(.constdata)
    .constdata                               0x0800b974   Section        4  ctype_o.o(.constdata)
    table                                    0x0800b974   Data           4  ctype_o.o(.constdata)
    .conststring                             0x0800b978   Section      125  main.o(.conststring)
    .data                                    0x20000000   Section       20  main.o(.data)
    wifi_ssid                                0x20000000   Data           4  main.o(.data)
    wifi_password                            0x20000004   Data           4  main.o(.data)
    weather_uri                              0x20000008   Data           4  main.o(.data)
    runms                                    0x2000000c   Data           4  main.o(.data)
    disp_height                              0x20000010   Data           4  main.o(.data)
    .data                                    0x20000014   Section       12  font_temper_32.o(.data)
    .data                                    0x20000020   Section       12  font_time_48.o(.data)
    .data                                    0x2000002c   Section       12  font_location.o(.data)
    .data                                    0x20000038   Section       12  font_character_16.o(.data)
    .data                                    0x20000044   Section       12  font_character_16.o(.data)
    .data                                    0x20000050   Section       12  font_character_16.o(.data)
    .data                                    0x2000005c   Section        4  timer.o(.data)
    timer_elapsed_callback                   0x2000005c   Data           4  timer.o(.data)
    .data                                    0x20000060   Section        8  esp_at.o(.data)
    rxready                                  0x20000060   Data           1  esp_at.o(.data)
    rxresult                                 0x20000061   Data           1  esp_at.o(.data)
    rxlen                                    0x20000064   Data           4  esp_at.o(.data)
    .data                                    0x20000068   Section        4  esp_usart.o(.data)
    esp_usart_receive_callback               0x20000068   Data           4  esp_usart.o(.data)
    .data                                    0x2000006c   Section        4  lcd_spi.o(.data)
    lcd_spi_send_finish_callback             0x2000006c   Data           4  lcd_spi.o(.data)
    .data                                    0x20000070   Section        1  st7735.o(.data)
    spi_async_done                           0x20000070   Data           1  st7735.o(.data)
    .data                                    0x20000074   Section       12  stfonts.o(.data)
    .data                                    0x20000080   Section       20  system_stm32f10x.o(.data)
    .data                                    0x20000094   Section       20  stm32f10x_rcc.o(.data)
    ADCPrescTable                            0x20000094   Data           4  stm32f10x_rcc.o(.data)
    APBAHBPrescTable                         0x20000098   Data          16  stm32f10x_rcc.o(.data)
    .data                                    0x200000a8   Section        4  errno.o(.data)
    _errno                                   0x200000a8   Data           4  errno.o(.data)
    .bss                                     0x200000ac   Section     4096  esp_at.o(.bss)
    rxdata                                   0x200000ac   Data        4096  esp_at.o(.bss)
    .bss                                     0x200010ac   Section     4096  st7735.o(.bss)
    gram_buff                                0x200010ac   Data        4096  st7735.o(.bss)
    STACK                                    0x200020b0   Section     1024  startup_stm32f10x_xl.o(STACK)

    Global Symbols

    Symbol Name                              Value     Ov Type        Size  Object(Section)

    BuildAttributes$$THM_ISAv4$P$D$K$B$S$PE$A:L22UL41UL21$X:L11$S22US41US21$IEEE1$IW$USESV6$~STKCKD$USESV7$~SHL$OTIME$ROPI$EBA8$MICROLIB$REQ8$PRES8$EABIv2 0x00000000   Number         0  anon$$obj.o ABSOLUTE
    __ARM_use_no_argv                        0x00000000   Number         0  main.o ABSOLUTE
    _printf_a                                0x00000000   Number         0  stubs.o ABSOLUTE
    _printf_c                                0x00000000   Number         0  stubs.o ABSOLUTE
    _printf_charcount                        0x00000000   Number         0  stubs.o ABSOLUTE
    _printf_d                                0x00000000   Number         0  stubs.o ABSOLUTE
    _printf_e                                0x00000000   Number         0  stubs.o ABSOLUTE
    _printf_f                                0x00000000   Number         0  stubs.o ABSOLUTE
    _printf_flags                            0x00000000   Number         0  stubs.o ABSOLUTE
    _printf_fp_dec                           0x00000000   Number         0  stubs.o ABSOLUTE
    _printf_fp_hex                           0x00000000   Number         0  stubs.o ABSOLUTE
    _printf_g                                0x00000000   Number         0  stubs.o ABSOLUTE
    _printf_i                                0x00000000   Number         0  stubs.o ABSOLUTE
    _printf_int_dec                          0x00000000   Number         0  stubs.o ABSOLUTE
    _printf_l                                0x00000000   Number         0  stubs.o ABSOLUTE
    _printf_lc                               0x00000000   Number         0  stubs.o ABSOLUTE
    _printf_ll                               0x00000000   Number         0  stubs.o ABSOLUTE
    _printf_lld                              0x00000000   Number         0  stubs.o ABSOLUTE
    _printf_lli                              0x00000000   Number         0  stubs.o ABSOLUTE
    _printf_llo                              0x00000000   Number         0  stubs.o ABSOLUTE
    _printf_llu                              0x00000000   Number         0  stubs.o ABSOLUTE
    _printf_llx                              0x00000000   Number         0  stubs.o ABSOLUTE
    _printf_longlong_dec                     0x00000000   Number         0  stubs.o ABSOLUTE
    _printf_longlong_hex                     0x00000000   Number         0  stubs.o ABSOLUTE
    _printf_longlong_oct                     0x00000000   Number         0  stubs.o ABSOLUTE
    _printf_ls                               0x00000000   Number         0  stubs.o ABSOLUTE
    _printf_mbtowc                           0x00000000   Number         0  stubs.o ABSOLUTE
    _printf_n                                0x00000000   Number         0  stubs.o ABSOLUTE
    _printf_o                                0x00000000   Number         0  stubs.o ABSOLUTE
    _printf_p                                0x00000000   Number         0  stubs.o ABSOLUTE
    _printf_percent                          0x00000000   Number         0  stubs.o ABSOLUTE
    _printf_pre_padding                      0x00000000   Number         0  stubs.o ABSOLUTE
    _printf_return_value                     0x00000000   Number         0  stubs.o ABSOLUTE
    _printf_s                                0x00000000   Number         0  stubs.o ABSOLUTE
    _printf_sizespec                         0x00000000   Number         0  stubs.o ABSOLUTE
    _printf_str                              0x00000000   Number         0  stubs.o ABSOLUTE
    _printf_truncate_signed                  0x00000000   Number         0  stubs.o ABSOLUTE
    _printf_truncate_unsigned                0x00000000   Number         0  stubs.o ABSOLUTE
    _printf_u                                0x00000000   Number         0  stubs.o ABSOLUTE
    _printf_wc                               0x00000000   Number         0  stubs.o ABSOLUTE
    _printf_wctomb                           0x00000000   Number         0  stubs.o ABSOLUTE
    _printf_widthprec                        0x00000000   Number         0  stubs.o ABSOLUTE
    _printf_x                                0x00000000   Number         0  stubs.o ABSOLUTE
    __cpp_initialize__aeabi_                  - Undefined Weak Reference
    __cxa_finalize                            - Undefined Weak Reference
    __decompress                              - Undefined Weak Reference
    _clock_init                               - Undefined Weak Reference
    _microlib_exit                            - Undefined Weak Reference
    __Vectors_Size                           0x00000130   Number         0  startup_stm32f10x_xl.o ABSOLUTE
    __Vectors                                0x08000000   Data           4  startup_stm32f10x_xl.o(RESET)
    __Vectors_End                            0x08000130   Data           0  startup_stm32f10x_xl.o(RESET)
    __main                                   0x08000131   Thumb Code     0  entry.o(.ARM.Collect$$$$00000000)
    _main_stk                                0x08000131   Thumb Code     0  entry2.o(.ARM.Collect$$$$00000001)
    _main_scatterload                        0x08000135   Thumb Code     0  entry5.o(.ARM.Collect$$$$00000004)
    __main_after_scatterload                 0x08000139   Thumb Code     0  entry5.o(.ARM.Collect$$$$00000004)
    _main_clock                              0x08000139   Thumb Code     0  entry7b.o(.ARM.Collect$$$$00000008)
    _main_cpp_init                           0x08000139   Thumb Code     0  entry8b.o(.ARM.Collect$$$$0000000A)
    _main_init                               0x08000139   Thumb Code     0  entry9a.o(.ARM.Collect$$$$0000000B)
    __rt_final_cpp                           0x08000141   Thumb Code     0  entry10a.o(.ARM.Collect$$$$0000000D)
    __rt_final_exit                          0x08000141   Thumb Code     0  entry11a.o(.ARM.Collect$$$$0000000F)
    Reset_Handler                            0x08000145   Thumb Code     8  startup_stm32f10x_xl.o(.text)
    NMI_Handler                              0x0800014d   Thumb Code     2  startup_stm32f10x_xl.o(.text)
    HardFault_Handler                        0x0800014f   Thumb Code     2  startup_stm32f10x_xl.o(.text)
    MemManage_Handler                        0x08000151   Thumb Code     2  startup_stm32f10x_xl.o(.text)
    BusFault_Handler                         0x08000153   Thumb Code     2  startup_stm32f10x_xl.o(.text)
    UsageFault_Handler                       0x08000155   Thumb Code     2  startup_stm32f10x_xl.o(.text)
    SVC_Handler                              0x08000157   Thumb Code     2  startup_stm32f10x_xl.o(.text)
    DebugMon_Handler                         0x08000159   Thumb Code     2  startup_stm32f10x_xl.o(.text)
    PendSV_Handler                           0x0800015b   Thumb Code     2  startup_stm32f10x_xl.o(.text)
    SysTick_Handler                          0x0800015d   Thumb Code     2  startup_stm32f10x_xl.o(.text)
    ADC1_2_IRQHandler                        0x0800015f   Thumb Code     0  startup_stm32f10x_xl.o(.text)
    ADC3_IRQHandler                          0x0800015f   Thumb Code     0  startup_stm32f10x_xl.o(.text)
    CAN1_RX1_IRQHandler                      0x0800015f   Thumb Code     0  startup_stm32f10x_xl.o(.text)
    CAN1_SCE_IRQHandler                      0x0800015f   Thumb Code     0  startup_stm32f10x_xl.o(.text)
    DMA1_Channel1_IRQHandler                 0x0800015f   Thumb Code     0  startup_stm32f10x_xl.o(.text)
    DMA1_Channel2_IRQHandler                 0x0800015f   Thumb Code     0  startup_stm32f10x_xl.o(.text)
    DMA1_Channel4_IRQHandler                 0x0800015f   Thumb Code     0  startup_stm32f10x_xl.o(.text)
    DMA1_Channel5_IRQHandler                 0x0800015f   Thumb Code     0  startup_stm32f10x_xl.o(.text)
    DMA1_Channel6_IRQHandler                 0x0800015f   Thumb Code     0  startup_stm32f10x_xl.o(.text)
    DMA1_Channel7_IRQHandler                 0x0800015f   Thumb Code     0  startup_stm32f10x_xl.o(.text)
    DMA2_Channel1_IRQHandler                 0x0800015f   Thumb Code     0  startup_stm32f10x_xl.o(.text)
    DMA2_Channel2_IRQHandler                 0x0800015f   Thumb Code     0  startup_stm32f10x_xl.o(.text)
    DMA2_Channel3_IRQHandler                 0x0800015f   Thumb Code     0  startup_stm32f10x_xl.o(.text)
    DMA2_Channel4_5_IRQHandler               0x0800015f   Thumb Code     0  startup_stm32f10x_xl.o(.text)
    EXTI0_IRQHandler                         0x0800015f   Thumb Code     0  startup_stm32f10x_xl.o(.text)
    EXTI15_10_IRQHandler                     0x0800015f   Thumb Code     0  startup_stm32f10x_xl.o(.text)
    EXTI1_IRQHandler                         0x0800015f   Thumb Code     0  startup_stm32f10x_xl.o(.text)
    EXTI2_IRQHandler                         0x0800015f   Thumb Code     0  startup_stm32f10x_xl.o(.text)
    EXTI3_IRQHandler                         0x0800015f   Thumb Code     0  startup_stm32f10x_xl.o(.text)
    EXTI4_IRQHandler                         0x0800015f   Thumb Code     0  startup_stm32f10x_xl.o(.text)
    EXTI9_5_IRQHandler                       0x0800015f   Thumb Code     0  startup_stm32f10x_xl.o(.text)
    FLASH_IRQHandler                         0x0800015f   Thumb Code     0  startup_stm32f10x_xl.o(.text)
    FSMC_IRQHandler                          0x0800015f   Thumb Code     0  startup_stm32f10x_xl.o(.text)
    I2C1_ER_IRQHandler                       0x0800015f   Thumb Code     0  startup_stm32f10x_xl.o(.text)
    I2C1_EV_IRQHandler                       0x0800015f   Thumb Code     0  startup_stm32f10x_xl.o(.text)
    I2C2_ER_IRQHandler                       0x0800015f   Thumb Code     0  startup_stm32f10x_xl.o(.text)
    I2C2_EV_IRQHandler                       0x0800015f   Thumb Code     0  startup_stm32f10x_xl.o(.text)
    PVD_IRQHandler                           0x0800015f   Thumb Code     0  startup_stm32f10x_xl.o(.text)
    RCC_IRQHandler                           0x0800015f   Thumb Code     0  startup_stm32f10x_xl.o(.text)
    RTCAlarm_IRQHandler                      0x0800015f   Thumb Code     0  startup_stm32f10x_xl.o(.text)
    RTC_IRQHandler                           0x0800015f   Thumb Code     0  startup_stm32f10x_xl.o(.text)
    SDIO_IRQHandler                          0x0800015f   Thumb Code     0  startup_stm32f10x_xl.o(.text)
    SPI1_IRQHandler                          0x0800015f   Thumb Code     0  startup_stm32f10x_xl.o(.text)
    SPI2_IRQHandler                          0x0800015f   Thumb Code     0  startup_stm32f10x_xl.o(.text)
    SPI3_IRQHandler                          0x0800015f   Thumb Code     0  startup_stm32f10x_xl.o(.text)
    TAMPER_IRQHandler                        0x0800015f   Thumb Code     0  startup_stm32f10x_xl.o(.text)
    TIM1_BRK_TIM9_IRQHandler                 0x0800015f   Thumb Code     0  startup_stm32f10x_xl.o(.text)
    TIM1_CC_IRQHandler                       0x0800015f   Thumb Code     0  startup_stm32f10x_xl.o(.text)
    TIM1_TRG_COM_TIM11_IRQHandler            0x0800015f   Thumb Code     0  startup_stm32f10x_xl.o(.text)
    TIM1_UP_TIM10_IRQHandler                 0x0800015f   Thumb Code     0  startup_stm32f10x_xl.o(.text)
    TIM3_IRQHandler                          0x0800015f   Thumb Code     0  startup_stm32f10x_xl.o(.text)
    TIM4_IRQHandler                          0x0800015f   Thumb Code     0  startup_stm32f10x_xl.o(.text)
    TIM5_IRQHandler                          0x0800015f   Thumb Code     0  startup_stm32f10x_xl.o(.text)
    TIM6_IRQHandler                          0x0800015f   Thumb Code     0  startup_stm32f10x_xl.o(.text)
    TIM7_IRQHandler                          0x0800015f   Thumb Code     0  startup_stm32f10x_xl.o(.text)
    TIM8_BRK_TIM12_IRQHandler                0x0800015f   Thumb Code     0  startup_stm32f10x_xl.o(.text)
    TIM8_CC_IRQHandler                       0x0800015f   Thumb Code     0  startup_stm32f10x_xl.o(.text)
    TIM8_TRG_COM_TIM14_IRQHandler            0x0800015f   Thumb Code     0  startup_stm32f10x_xl.o(.text)
    TIM8_UP_TIM13_IRQHandler                 0x0800015f   Thumb Code     0  startup_stm32f10x_xl.o(.text)
    UART4_IRQHandler                         0x0800015f   Thumb Code     0  startup_stm32f10x_xl.o(.text)
    UART5_IRQHandler                         0x0800015f   Thumb Code     0  startup_stm32f10x_xl.o(.text)
    USART1_IRQHandler                        0x0800015f   Thumb Code     0  startup_stm32f10x_xl.o(.text)
    USART3_IRQHandler                        0x0800015f   Thumb Code     0  startup_stm32f10x_xl.o(.text)
    USBWakeUp_IRQHandler                     0x0800015f   Thumb Code     0  startup_stm32f10x_xl.o(.text)
    USB_HP_CAN1_TX_IRQHandler                0x0800015f   Thumb Code     0  startup_stm32f10x_xl.o(.text)
    USB_LP_CAN1_RX0_IRQHandler               0x0800015f   Thumb Code     0  startup_stm32f10x_xl.o(.text)
    WWDG_IRQHandler                          0x0800015f   Thumb Code     0  startup_stm32f10x_xl.o(.text)
    __aeabi_memcpy                           0x08000169   Thumb Code    36  memcpya.o(.text)
    __aeabi_memcpy4                          0x08000169   Thumb Code     0  memcpya.o(.text)
    __aeabi_memcpy8                          0x08000169   Thumb Code     0  memcpya.o(.text)
    strstr                                   0x0800018d   Thumb Code    36  strstr.o(.text)
    strncpy                                  0x080001b1   Thumb Code    24  strncpy.o(.text)
    strchr                                   0x080001c9   Thumb Code    20  strchr.o(.text)
    strlen                                   0x080001dd   Thumb Code    14  strlen.o(.text)
    strcmp                                   0x080001eb   Thumb Code    28  strcmp.o(.text)
    atoi                                     0x08000207   Thumb Code    26  atoi.o(.text)
    __aeabi_fadd                             0x08000221   Thumb Code   164  fadd.o(.text)
    __aeabi_fsub                             0x080002c5   Thumb Code     6  fadd.o(.text)
    __aeabi_frsub                            0x080002cb   Thumb Code     6  fadd.o(.text)
    __aeabi_fdiv                             0x080002d1   Thumb Code   124  fdiv.o(.text)
    __aeabi_i2f                              0x0800034d   Thumb Code    18  fflti.o(.text)
    __aeabi_f2d                              0x0800035f   Thumb Code    38  f2d.o(.text)
    __aeabi_uidiv                            0x08000385   Thumb Code     0  uidiv.o(.text)
    __aeabi_uidivmod                         0x08000385   Thumb Code    44  uidiv.o(.text)
    __aeabi_uldivmod                         0x080003b1   Thumb Code    98  uldiv.o(.text)
    strtol                                   0x08000413   Thumb Code   112  strtol.o(.text)
    __I$use$fp                               0x08000483   Thumb Code     0  iusefp.o(.text)
    _float_round                             0x08000483   Thumb Code    18  fepilogue.o(.text)
    _float_epilogue                          0x08000495   Thumb Code    92  fepilogue.o(.text)
    __aeabi_dadd                             0x080004f1   Thumb Code   322  dadd.o(.text)
    __aeabi_dsub                             0x08000633   Thumb Code     6  dadd.o(.text)
    __aeabi_drsub                            0x08000639   Thumb Code     6  dadd.o(.text)
    __aeabi_dmul                             0x0800063f   Thumb Code   228  dmul.o(.text)
    __aeabi_ddiv                             0x08000723   Thumb Code   222  ddiv.o(.text)
    __aeabi_d2ulz                            0x08000801   Thumb Code    48  dfixul.o(.text)
    __aeabi_cdrcmple                         0x08000831   Thumb Code    48  cdrcmple.o(.text)
    __scatterload                            0x08000861   Thumb Code    28  init.o(.text)
    __scatterload_rt2                        0x08000861   Thumb Code     0  init.o(.text)
    __aeabi_llsl                             0x08000885   Thumb Code    30  llshl.o(.text)
    _ll_shift_l                              0x08000885   Thumb Code     0  llshl.o(.text)
    __aeabi_llsr                             0x080008a3   Thumb Code    32  llushr.o(.text)
    _ll_ushift_r                             0x080008a3   Thumb Code     0  llushr.o(.text)
    __aeabi_lasr                             0x080008c3   Thumb Code    36  llsshr.o(.text)
    _ll_sshift_r                             0x080008c3   Thumb Code     0  llsshr.o(.text)
    __rt_ctype_table                         0x080008e9   Thumb Code     4  ctype_o.o(.text)
    _strtoul                                 0x080008f1   Thumb Code   158  _strtoul.o(.text)
    _double_round                            0x0800098f   Thumb Code    30  depilogue.o(.text)
    _double_epilogue                         0x080009ad   Thumb Code   156  depilogue.o(.text)
    _chval                                   0x08000a49   Thumb Code    28  _chval.o(.text)
    BKP_DeInit                               0x08000a65   Thumb Code    18  stm32f10x_bkp.o(i.BKP_DeInit)
    DMA1_Channel3_IRQHandler                 0x08000a79   Thumb Code    50  lcd_spi.o(i.DMA1_Channel3_IRQHandler)
    DMA_ClearITPendingBit                    0x08000ab5   Thumb Code    16  stm32f10x_dma.o(i.DMA_ClearITPendingBit)
    DMA_Cmd                                  0x08000acd   Thumb Code    22  stm32f10x_dma.o(i.DMA_Cmd)
    DMA_DeInit                               0x08000ae5   Thumb Code   218  stm32f10x_dma.o(i.DMA_DeInit)
    DMA_GetITStatus                          0x08000bc9   Thumb Code    24  stm32f10x_dma.o(i.DMA_GetITStatus)
    DMA_ITConfig                             0x08000be9   Thumb Code    16  stm32f10x_dma.o(i.DMA_ITConfig)
    DMA_Init                                 0x08000bf9   Thumb Code    58  stm32f10x_dma.o(i.DMA_Init)
    GPIO_Init                                0x08000c35   Thumb Code   162  stm32f10x_gpio.o(i.GPIO_Init)
    GPIO_ReadInputDataBit                    0x08000cd7   Thumb Code    14  stm32f10x_gpio.o(i.GPIO_ReadInputDataBit)
    GPIO_ResetBits                           0x08000ce5   Thumb Code     4  stm32f10x_gpio.o(i.GPIO_ResetBits)
    GPIO_SetBits                             0x08000ce9   Thumb Code     4  stm32f10x_gpio.o(i.GPIO_SetBits)
    GPIO_WriteBit                            0x08000ced   Thumb Code    10  stm32f10x_gpio.o(i.GPIO_WriteBit)
    NVIC_Init                                0x08000cf9   Thumb Code    94  misc.o(i.NVIC_Init)
    PWR_BackupAccessCmd                      0x08000d5d   Thumb Code     6  stm32f10x_pwr.o(i.PWR_BackupAccessCmd)
    RCC_AHBPeriphClockCmd                    0x08000d69   Thumb Code    18  stm32f10x_rcc.o(i.RCC_AHBPeriphClockCmd)
    RCC_APB1PeriphClockCmd                   0x08000d81   Thumb Code    18  stm32f10x_rcc.o(i.RCC_APB1PeriphClockCmd)
    RCC_APB2PeriphClockCmd                   0x08000d99   Thumb Code    18  stm32f10x_rcc.o(i.RCC_APB2PeriphClockCmd)
    RCC_BackupResetCmd                       0x08000db1   Thumb Code     6  stm32f10x_rcc.o(i.RCC_BackupResetCmd)
    RCC_GetClocksFreq                        0x08000dbd   Thumb Code   128  stm32f10x_rcc.o(i.RCC_GetClocksFreq)
    RCC_GetFlagStatus                        0x08000e4d   Thumb Code    44  stm32f10x_rcc.o(i.RCC_GetFlagStatus)
    RCC_LSEConfig                            0x08000e7d   Thumb Code    28  stm32f10x_rcc.o(i.RCC_LSEConfig)
    RCC_RTCCLKCmd                            0x08000e9d   Thumb Code     6  stm32f10x_rcc.o(i.RCC_RTCCLKCmd)
    RCC_RTCCLKConfig                         0x08000ea9   Thumb Code    10  stm32f10x_rcc.o(i.RCC_RTCCLKConfig)
    RTC_EnterConfigMode                      0x08000eb9   Thumb Code    12  stm32f10x_rtc.o(i.RTC_EnterConfigMode)
    RTC_ExitConfigMode                       0x08000ec9   Thumb Code    12  stm32f10x_rtc.o(i.RTC_ExitConfigMode)
    RTC_GetCounter                           0x08000ed9   Thumb Code    28  stm32f10x_rtc.o(i.RTC_GetCounter)
    RTC_SetCounter                           0x08000ef9   Thumb Code    26  stm32f10x_rtc.o(i.RTC_SetCounter)
    RTC_SetPrescaler                         0x08000f19   Thumb Code    28  stm32f10x_rtc.o(i.RTC_SetPrescaler)
    RTC_WaitForLastTask                      0x08000f39   Thumb Code    10  stm32f10x_rtc.o(i.RTC_WaitForLastTask)
    RTC_WaitForSynchro                       0x08000f49   Thumb Code    18  stm32f10x_rtc.o(i.RTC_WaitForSynchro)
    SPI_Cmd                                  0x08000f61   Thumb Code    20  stm32f10x_spi.o(i.SPI_Cmd)
    SPI_I2S_DMACmd                           0x08000f75   Thumb Code    16  stm32f10x_spi.o(i.SPI_I2S_DMACmd)
    SPI_I2S_GetFlagStatus                    0x08000f85   Thumb Code    14  stm32f10x_spi.o(i.SPI_I2S_GetFlagStatus)
    SPI_I2S_SendData                         0x08000f93   Thumb Code     4  stm32f10x_spi.o(i.SPI_I2S_SendData)
    SPI_Init                                 0x08000f97   Thumb Code    56  stm32f10x_spi.o(i.SPI_Init)
    SystemInit                               0x08001079   Thumb Code    64  system_stm32f10x.o(i.SystemInit)
    TIM2_IRQHandler                          0x080010c9   Thumb Code    40  timer.o(i.TIM2_IRQHandler)
    TIM_ClearITPendingBit                    0x080010f5   Thumb Code     6  stm32f10x_tim.o(i.TIM_ClearITPendingBit)
    TIM_Cmd                                  0x080010fb   Thumb Code    20  stm32f10x_tim.o(i.TIM_Cmd)
    TIM_GetITStatus                          0x0800110f   Thumb Code    24  stm32f10x_tim.o(i.TIM_GetITStatus)
    TIM_ITConfig                             0x08001127   Thumb Code    16  stm32f10x_tim.o(i.TIM_ITConfig)
    TIM_TimeBaseInit                         0x08001139   Thumb Code   114  stm32f10x_tim.o(i.TIM_TimeBaseInit)
    USART2_IRQHandler                        0x080011d5   Thumb Code    42  esp_usart.o(i.USART2_IRQHandler)
    USART_Cmd                                0x08001209   Thumb Code    20  stm32f10x_usart.o(i.USART_Cmd)
    USART_GetFlagStatus                      0x0800121d   Thumb Code    14  stm32f10x_usart.o(i.USART_GetFlagStatus)
    USART_GetITStatus                        0x0800122b   Thumb Code    62  stm32f10x_usart.o(i.USART_GetITStatus)
    USART_ITConfig                           0x08001269   Thumb Code    48  stm32f10x_usart.o(i.USART_ITConfig)
    USART_Init                               0x08001299   Thumb Code   166  stm32f10x_usart.o(i.USART_Init)
    USART_ReceiveData                        0x08001345   Thumb Code     8  stm32f10x_usart.o(i.USART_ReceiveData)
    USART_SendData                           0x0800134d   Thumb Code     8  stm32f10x_usart.o(i.USART_SendData)
    __0snprintf                              0x08001355   Thumb Code    44  printfa.o(i.__0snprintf)
    __1snprintf                              0x08001355   Thumb Code     0  printfa.o(i.__0snprintf)
    __2snprintf                              0x08001355   Thumb Code     0  printfa.o(i.__0snprintf)
    __c89snprintf                            0x08001355   Thumb Code     0  printfa.o(i.__0snprintf)
    snprintf                                 0x08001355   Thumb Code     0  printfa.o(i.__0snprintf)
    __aeabi_errno_addr                       0x08001385   Thumb Code     4  errno.o(i.__aeabi_errno_addr)
    __rt_errno_addr                          0x08001385   Thumb Code     0  errno.o(i.__aeabi_errno_addr)
    __scatterload_copy                       0x0800138d   Thumb Code    14  handlers.o(i.__scatterload_copy)
    __scatterload_null                       0x0800139b   Thumb Code     2  handlers.o(i.__scatterload_null)
    __scatterload_zeroinit                   0x0800139d   Thumb Code    14  handlers.o(i.__scatterload_zeroinit)
    delay_ms                                 0x08001ceb   Thumb Code    22  delay.o(i.delay_ms)
    delay_us                                 0x08001d01   Thumb Code    38  delay.o(i.delay_us)
    esp_at_get_http                          0x08001d31   Thumb Code    44  esp_at.o(i.esp_at_get_http)
    esp_at_get_time                          0x08001d71   Thumb Code    42  esp_at.o(i.esp_at_get_time)
    esp_at_init                              0x08001dc1   Thumb Code    26  esp_at.o(i.esp_at_init)
    esp_at_reset                             0x08001de5   Thumb Code    64  esp_at.o(i.esp_at_reset)
    esp_at_send_command                      0x08001e49   Thumb Code    84  esp_at.o(i.esp_at_send_command)
    esp_at_sntp_init                         0x08001ea9   Thumb Code    42  esp_at.o(i.esp_at_sntp_init)
    esp_at_wifi_connect                      0x08001f19   Thumb Code    42  esp_at.o(i.esp_at_wifi_connect)
    esp_at_wifi_init                         0x08001f59   Thumb Code    24  esp_at.o(i.esp_at_wifi_init)
    esp_usart_init                           0x08001f7d   Thumb Code   148  esp_usart.o(i.esp_usart_init)
    esp_usart_receive_register               0x08002019   Thumb Code     6  esp_usart.o(i.esp_usart_receive_register)
    esp_usart_write_data                     0x08002025   Thumb Code    46  esp_usart.o(i.esp_usart_write_data)
    esp_usart_write_string                   0x08002059   Thumb Code    20  esp_usart.o(i.esp_usart_write_string)
    lcd_spi_init                             0x080021f9   Thumb Code   182  lcd_spi.o(i.lcd_spi_init)
    lcd_spi_send_finish_register             0x080022b9   Thumb Code     6  lcd_spi.o(i.lcd_spi_send_finish_register)
    lcd_spi_write                            0x080022c5   Thumb Code    58  lcd_spi.o(i.lcd_spi_write)
    lcd_spi_write_async                      0x08002305   Thumb Code    78  lcd_spi.o(i.lcd_spi_write_async)
    led_init                                 0x0800235d   Thumb Code    40  led.o(i.led_init)
    main                                     0x08002389   Thumb Code   726  main.o(i.main)
    mpu6050_init                             0x08002735   Thumb Code   108  mpu6050.o(i.mpu6050_init)
    mpu6050_read_temper                      0x080027a1   Thumb Code    42  mpu6050.o(i.mpu6050_read_temper)
    rtc_get_date                             0x0800282d   Thumb Code    24  rtc.o(i.rtc_get_date)
    rtc_init                                 0x08002845   Thumb Code    40  rtc.o(i.rtc_init)
    rtc_set_timestamp                        0x0800286d   Thumb Code    22  rtc.o(i.rtc_set_timestamp)
    st7735_draw_image                        0x08002891   Thumb Code    88  st7735.o(i.st7735_draw_image)
    st7735_fill_rect                         0x080028e9   Thumb Code   154  st7735.o(i.st7735_fill_rect)
    st7735_fill_screen                       0x08002989   Thumb Code    18  st7735.o(i.st7735_fill_screen)
    st7735_init                              0x0800299d   Thumb Code   190  st7735.o(i.st7735_init)
    st7735_unselect                          0x08002ac1   Thumb Code    10  st7735.o(i.st7735_unselect)
    st7735_write_char                        0x08002ad1   Thumb Code   186  st7735.o(i.st7735_write_char)
    st7735_write_fonts                       0x08002bdd   Thumb Code    90  st7735.o(i.st7735_write_fonts)
    st7735_write_string                      0x08002ccd   Thumb Code    76  st7735.o(i.st7735_write_string)
    swi2c_init                               0x08002d19   Thumb Code    54  swi2c.o(i.swi2c_init)
    swi2c_read                               0x08002d55   Thumb Code    96  swi2c.o(i.swi2c_read)
    swi2c_write                              0x08002db5   Thumb Code    68  swi2c.o(i.swi2c_write)
    timer_elapsed_register                   0x08002e15   Thumb Code     6  timer.o(i.timer_elapsed_register)
    timer_init                               0x08002e21   Thumb Code    76  timer.o(i.timer_init)
    timer_start                              0x08002e6d   Thumb Code     8  timer.o(i.timer_start)
    ts_to_date                               0x08002e75   Thumb Code   196  rtc.o(i.ts_to_date)
    weather_parse                            0x08002f3d   Thumb Code   112  weather.o(i.weather_parse)
    icon_weather_duopyun                     0x08004d4c   Data           8  icon_weather_duoyun.o(.constdata)
    icon_weather_feng                        0x08005f54   Data           8  icon_weather_feng.o(.constdata)
    icon_weather_qing                        0x0800715c   Data           8  icon_weather_qing.o(.constdata)
    icon_weather_xue                         0x08008364   Data           8  icon_weather_xue.o(.constdata)
    icon_weather_yin                         0x0800956c   Data           8  icon_weather_yin.o(.constdata)
    icon_weather_yu                          0x0800a774   Data           8  icon_weather_yu.o(.constdata)
    icon_location                            0x0800b07c   Data           8  icon_location.o(.constdata)
    __ctype_table                            0x0800b8f0   Data         129  ctype_o.o(.constdata)
    Region$$Table$$Base                      0x0800b9f8   Number         0  anon$$obj.o(Region$$Table)
    Region$$Table$$Limit                     0x0800ba18   Number         0  anon$$obj.o(Region$$Table)
    font_temper_16x32                        0x20000014   Data          12  font_temper_32.o(.data)
    font_time_24x48                          0x20000020   Data          12  font_time_48.o(.data)
    font_location_32x32                      0x2000002c   Data          12  font_location.o(.data)
    font_character_16x16                     0x20000038   Data          12  font_character_16.o(.data)
    font_du_32x32                            0x20000044   Data          12  font_character_16.o(.data)
    font_du_16x16                            0x20000050   Data          12  font_character_16.o(.data)
    font_ascii_8x16                          0x20000074   Data          12  stfonts.o(.data)
    SystemCoreClock                          0x20000080   Data           4  system_stm32f10x.o(.data)
    AHBPrescTable                            0x20000084   Data          16  system_stm32f10x.o(.data)
    __initial_sp                             0x200024b0   Data           0  startup_stm32f10x_xl.o(STACK)



==============================================================================

Memory Map of the image

  Image Entry point : 0x08000131

  Load Region LR_IROM1 (Base: 0x08000000, Size: 0x0000bac4, Max: 0x00010000, ABSOLUTE)

    Execution Region ER_IROM1 (Exec base: 0x08000000, Load base: 0x08000000, Size: 0x0000ba18, Max: 0x00010000, ABSOLUTE)

    Exec Addr    Load Addr    Size         Type   Attr      Idx    E Section Name        Object

    0x08000000   0x08000000   0x00000130   Data   RO          865    RESET               startup_stm32f10x_xl.o
    0x08000130   0x08000130   0x00000000   Code   RO         3859  * .ARM.Collect$$$$00000000  mc_w.l(entry.o)
    0x08000130   0x08000130   0x00000004   Code   RO         4149    .ARM.Collect$$$$00000001  mc_w.l(entry2.o)
    0x08000134   0x08000134   0x00000004   Code   RO         4152    .ARM.Collect$$$$00000004  mc_w.l(entry5.o)
    0x08000138   0x08000138   0x00000000   Code   RO         4154    .ARM.Collect$$$$00000008  mc_w.l(entry7b.o)
    0x08000138   0x08000138   0x00000000   Code   RO         4156    .ARM.Collect$$$$0000000A  mc_w.l(entry8b.o)
    0x08000138   0x08000138   0x00000008   Code   RO         4157    .ARM.Collect$$$$0000000B  mc_w.l(entry9a.o)
    0x08000140   0x08000140   0x00000000   Code   RO         4159    .ARM.Collect$$$$0000000D  mc_w.l(entry10a.o)
    0x08000140   0x08000140   0x00000000   Code   RO         4161    .ARM.Collect$$$$0000000F  mc_w.l(entry11a.o)
    0x08000140   0x08000140   0x00000004   Code   RO         4150    .ARM.Collect$$$$00002712  mc_w.l(entry2.o)
    0x08000144   0x08000144   0x00000024   Code   RO          866    .text               startup_stm32f10x_xl.o
    0x08000168   0x08000168   0x00000024   Code   RO         3862    .text               mc_w.l(memcpya.o)
    0x0800018c   0x0800018c   0x00000024   Code   RO         3864    .text               mc_w.l(strstr.o)
    0x080001b0   0x080001b0   0x00000018   Code   RO         3866    .text               mc_w.l(strncpy.o)
    0x080001c8   0x080001c8   0x00000014   Code   RO         3868    .text               mc_w.l(strchr.o)
    0x080001dc   0x080001dc   0x0000000e   Code   RO         3870    .text               mc_w.l(strlen.o)
    0x080001ea   0x080001ea   0x0000001c   Code   RO         3872    .text               mc_w.l(strcmp.o)
    0x08000206   0x08000206   0x0000001a   Code   RO         4137    .text               mc_w.l(atoi.o)
    0x08000220   0x08000220   0x000000b0   Code   RO         4139    .text               mf_w.l(fadd.o)
    0x080002d0   0x080002d0   0x0000007c   Code   RO         4141    .text               mf_w.l(fdiv.o)
    0x0800034c   0x0800034c   0x00000012   Code   RO         4145    .text               mf_w.l(fflti.o)
    0x0800035e   0x0800035e   0x00000026   Code   RO         4147    .text               mf_w.l(f2d.o)
    0x08000384   0x08000384   0x0000002c   Code   RO         4166    .text               mc_w.l(uidiv.o)
    0x080003b0   0x080003b0   0x00000062   Code   RO         4168    .text               mc_w.l(uldiv.o)
    0x08000412   0x08000412   0x00000070   Code   RO         4177    .text               mc_w.l(strtol.o)
    0x08000482   0x08000482   0x00000000   Code   RO         4179    .text               mc_w.l(iusefp.o)
    0x08000482   0x08000482   0x0000006e   Code   RO         4180    .text               mf_w.l(fepilogue.o)
    0x080004f0   0x080004f0   0x0000014e   Code   RO         4182    .text               mf_w.l(dadd.o)
    0x0800063e   0x0800063e   0x000000e4   Code   RO         4184    .text               mf_w.l(dmul.o)
    0x08000722   0x08000722   0x000000de   Code   RO         4186    .text               mf_w.l(ddiv.o)
    0x08000800   0x08000800   0x00000030   Code   RO         4188    .text               mf_w.l(dfixul.o)
    0x08000830   0x08000830   0x00000030   Code   RO         4190    .text               mf_w.l(cdrcmple.o)
    0x08000860   0x08000860   0x00000024   Code   RO         4192    .text               mc_w.l(init.o)
    0x08000884   0x08000884   0x0000001e   Code   RO         4195    .text               mc_w.l(llshl.o)
    0x080008a2   0x080008a2   0x00000020   Code   RO         4197    .text               mc_w.l(llushr.o)
    0x080008c2   0x080008c2   0x00000024   Code   RO         4199    .text               mc_w.l(llsshr.o)
    0x080008e6   0x080008e6   0x00000002   PAD
    0x080008e8   0x080008e8   0x00000008   Code   RO         4201    .text               mc_w.l(ctype_o.o)
    0x080008f0   0x080008f0   0x0000009e   Code   RO         4229    .text               mc_w.l(_strtoul.o)
    0x0800098e   0x0800098e   0x000000ba   Code   RO         4232    .text               mf_w.l(depilogue.o)
    0x08000a48   0x08000a48   0x0000001c   Code   RO         4234    .text               mc_w.l(_chval.o)
    0x08000a64   0x08000a64   0x00000012   Code   RO         1170    i.BKP_DeInit        stm32f10x_bkp.o
    0x08000a76   0x08000a76   0x00000002   PAD
    0x08000a78   0x08000a78   0x0000003c   Code   RO          627    i.DMA1_Channel3_IRQHandler  lcd_spi.o
    0x08000ab4   0x08000ab4   0x00000018   Code   RO         1636    i.DMA_ClearITPendingBit  stm32f10x_dma.o
    0x08000acc   0x08000acc   0x00000016   Code   RO         1637    i.DMA_Cmd           stm32f10x_dma.o
    0x08000ae2   0x08000ae2   0x00000002   PAD
    0x08000ae4   0x08000ae4   0x000000e4   Code   RO         1638    i.DMA_DeInit        stm32f10x_dma.o
    0x08000bc8   0x08000bc8   0x00000020   Code   RO         1641    i.DMA_GetITStatus   stm32f10x_dma.o
    0x08000be8   0x08000be8   0x00000010   Code   RO         1642    i.DMA_ITConfig      stm32f10x_dma.o
    0x08000bf8   0x08000bf8   0x0000003a   Code   RO         1643    i.DMA_Init          stm32f10x_dma.o
    0x08000c32   0x08000c32   0x00000002   PAD
    0x08000c34   0x08000c34   0x000000a2   Code   RO         2059    i.GPIO_Init         stm32f10x_gpio.o
    0x08000cd6   0x08000cd6   0x0000000e   Code   RO         2063    i.GPIO_ReadInputDataBit  stm32f10x_gpio.o
    0x08000ce4   0x08000ce4   0x00000004   Code   RO         2066    i.GPIO_ResetBits    stm32f10x_gpio.o
    0x08000ce8   0x08000ce8   0x00000004   Code   RO         2067    i.GPIO_SetBits      stm32f10x_gpio.o
    0x08000cec   0x08000cec   0x0000000a   Code   RO         2070    i.GPIO_WriteBit     stm32f10x_gpio.o
    0x08000cf6   0x08000cf6   0x00000002   PAD
    0x08000cf8   0x08000cf8   0x00000064   Code   RO          910    i.NVIC_Init         misc.o
    0x08000d5c   0x08000d5c   0x0000000c   Code   RO         2413    i.PWR_BackupAccessCmd  stm32f10x_pwr.o
    0x08000d68   0x08000d68   0x00000018   Code   RO         2474    i.RCC_AHBPeriphClockCmd  stm32f10x_rcc.o
    0x08000d80   0x08000d80   0x00000018   Code   RO         2475    i.RCC_APB1PeriphClockCmd  stm32f10x_rcc.o
    0x08000d98   0x08000d98   0x00000018   Code   RO         2477    i.RCC_APB2PeriphClockCmd  stm32f10x_rcc.o
    0x08000db0   0x08000db0   0x0000000c   Code   RO         2480    i.RCC_BackupResetCmd  stm32f10x_rcc.o
    0x08000dbc   0x08000dbc   0x00000090   Code   RO         2485    i.RCC_GetClocksFreq  stm32f10x_rcc.o
    0x08000e4c   0x08000e4c   0x00000030   Code   RO         2486    i.RCC_GetFlagStatus  stm32f10x_rcc.o
    0x08000e7c   0x08000e7c   0x00000020   Code   RO         2493    i.RCC_LSEConfig     stm32f10x_rcc.o
    0x08000e9c   0x08000e9c   0x0000000c   Code   RO         2500    i.RCC_RTCCLKCmd     stm32f10x_rcc.o
    0x08000ea8   0x08000ea8   0x00000010   Code   RO         2501    i.RCC_RTCCLKConfig  stm32f10x_rcc.o
    0x08000eb8   0x08000eb8   0x00000010   Code   RO         2675    i.RTC_EnterConfigMode  stm32f10x_rtc.o
    0x08000ec8   0x08000ec8   0x00000010   Code   RO         2676    i.RTC_ExitConfigMode  stm32f10x_rtc.o
    0x08000ed8   0x08000ed8   0x00000020   Code   RO         2677    i.RTC_GetCounter    stm32f10x_rtc.o
    0x08000ef8   0x08000ef8   0x00000020   Code   RO         2683    i.RTC_SetCounter    stm32f10x_rtc.o
    0x08000f18   0x08000f18   0x00000020   Code   RO         2684    i.RTC_SetPrescaler  stm32f10x_rtc.o
    0x08000f38   0x08000f38   0x00000010   Code   RO         2685    i.RTC_WaitForLastTask  stm32f10x_rtc.o
    0x08000f48   0x08000f48   0x00000018   Code   RO         2686    i.RTC_WaitForSynchro  stm32f10x_rtc.o
    0x08000f60   0x08000f60   0x00000014   Code   RO         2953    i.SPI_Cmd           stm32f10x_spi.o
    0x08000f74   0x08000f74   0x00000010   Code   RO         2959    i.SPI_I2S_DMACmd    stm32f10x_spi.o
    0x08000f84   0x08000f84   0x0000000e   Code   RO         2961    i.SPI_I2S_GetFlagStatus  stm32f10x_spi.o
    0x08000f92   0x08000f92   0x00000004   Code   RO         2965    i.SPI_I2S_SendData  stm32f10x_spi.o
    0x08000f96   0x08000f96   0x00000038   Code   RO         2966    i.SPI_Init          stm32f10x_spi.o
    0x08000fce   0x08000fce   0x00000002   PAD
    0x08000fd0   0x08000fd0   0x000000a8   Code   RO          881    i.SetSysClockTo72   system_stm32f10x.o
    0x08001078   0x08001078   0x00000050   Code   RO          883    i.SystemInit        system_stm32f10x.o
    0x080010c8   0x080010c8   0x0000002c   Code   RO          462    i.TIM2_IRQHandler   timer.o
    0x080010f4   0x080010f4   0x00000006   Code   RO         3101    i.TIM_ClearITPendingBit  stm32f10x_tim.o
    0x080010fa   0x080010fa   0x00000014   Code   RO         3106    i.TIM_Cmd           stm32f10x_tim.o
    0x0800110e   0x0800110e   0x00000018   Code   RO         3127    i.TIM_GetITStatus   stm32f10x_tim.o
    0x08001126   0x08001126   0x00000010   Code   RO         3131    i.TIM_ITConfig      stm32f10x_tim.o
    0x08001136   0x08001136   0x00000002   PAD
    0x08001138   0x08001138   0x0000009c   Code   RO         3177    i.TIM_TimeBaseInit  stm32f10x_tim.o
    0x080011d4   0x080011d4   0x00000034   Code   RO          589    i.USART2_IRQHandler  esp_usart.o
    0x08001208   0x08001208   0x00000014   Code   RO         3629    i.USART_Cmd         stm32f10x_usart.o
    0x0800121c   0x0800121c   0x0000000e   Code   RO         3632    i.USART_GetFlagStatus  stm32f10x_usart.o
    0x0800122a   0x0800122a   0x0000003e   Code   RO         3633    i.USART_GetITStatus  stm32f10x_usart.o
    0x08001268   0x08001268   0x00000030   Code   RO         3635    i.USART_ITConfig    stm32f10x_usart.o
    0x08001298   0x08001298   0x000000ac   Code   RO         3636    i.USART_Init        stm32f10x_usart.o
    0x08001344   0x08001344   0x00000008   Code   RO         3643    i.USART_ReceiveData  stm32f10x_usart.o
    0x0800134c   0x0800134c   0x00000008   Code   RO         3646    i.USART_SendData    stm32f10x_usart.o
    0x08001354   0x08001354   0x00000030   Code   RO         4110    i.__0snprintf       mc_w.l(printfa.o)
    0x08001384   0x08001384   0x00000008   Code   RO         4170    i.__aeabi_errno_addr  mc_w.l(errno.o)
    0x0800138c   0x0800138c   0x0000000e   Code   RO         4238    i.__scatterload_copy  mc_w.l(handlers.o)
    0x0800139a   0x0800139a   0x00000002   Code   RO         4239    i.__scatterload_null  mc_w.l(handlers.o)
    0x0800139c   0x0800139c   0x0000000e   Code   RO         4240    i.__scatterload_zeroinit  mc_w.l(handlers.o)
    0x080013aa   0x080013aa   0x00000002   PAD
    0x080013ac   0x080013ac   0x00000184   Code   RO         4116    i._fp_digits        mc_w.l(printfa.o)
    0x08001530   0x08001530   0x000006dc   Code   RO         4117    i._printf_core      mc_w.l(printfa.o)
    0x08001c0c   0x08001c0c   0x00000024   Code   RO         4118    i._printf_post_padding  mc_w.l(printfa.o)
    0x08001c30   0x08001c30   0x0000002e   Code   RO         4119    i._printf_pre_padding  mc_w.l(printfa.o)
    0x08001c5e   0x08001c5e   0x00000016   Code   RO         4120    i._snputc           mc_w.l(printfa.o)
    0x08001c74   0x08001c74   0x00000076   Code   RO           95    i.board_lowlevel_init  main.o
    0x08001cea   0x08001cea   0x00000016   Code   RO          170    i.delay_ms          delay.o
    0x08001d00   0x08001d00   0x00000030   Code   RO          171    i.delay_us          delay.o
    0x08001d30   0x08001d30   0x00000040   Code   RO          500    i.esp_at_get_http   esp_at.o
    0x08001d70   0x08001d70   0x00000050   Code   RO          501    i.esp_at_get_time   esp_at.o
    0x08001dc0   0x08001dc0   0x00000024   Code   RO          502    i.esp_at_init       esp_at.o
    0x08001de4   0x08001de4   0x00000064   Code   RO          503    i.esp_at_reset      esp_at.o
    0x08001e48   0x08001e48   0x00000060   Code   RO          504    i.esp_at_send_command  esp_at.o
    0x08001ea8   0x08001ea8   0x00000070   Code   RO          506    i.esp_at_sntp_init  esp_at.o
    0x08001f18   0x08001f18   0x00000040   Code   RO          507    i.esp_at_wifi_connect  esp_at.o
    0x08001f58   0x08001f58   0x00000024   Code   RO          510    i.esp_at_wifi_init  esp_at.o
    0x08001f7c   0x08001f7c   0x0000009c   Code   RO          590    i.esp_usart_init    esp_usart.o
    0x08002018   0x08002018   0x0000000c   Code   RO          591    i.esp_usart_receive_register  esp_usart.o
    0x08002024   0x08002024   0x00000034   Code   RO          592    i.esp_usart_write_data  esp_usart.o
    0x08002058   0x08002058   0x00000014   Code   RO          593    i.esp_usart_write_string  esp_usart.o
    0x0800206c   0x0800206c   0x00000090   Code   RO          819    i.i2c_read_byte     swi2c.o
    0x080020fc   0x080020fc   0x00000038   Code   RO          820    i.i2c_start         swi2c.o
    0x08002134   0x08002134   0x00000038   Code   RO          821    i.i2c_stop          swi2c.o
    0x0800216c   0x0800216c   0x0000008c   Code   RO          822    i.i2c_write_byte    swi2c.o
    0x080021f8   0x080021f8   0x000000c0   Code   RO          628    i.lcd_spi_init      lcd_spi.o
    0x080022b8   0x080022b8   0x0000000c   Code   RO          629    i.lcd_spi_send_finish_register  lcd_spi.o
    0x080022c4   0x080022c4   0x00000040   Code   RO          630    i.lcd_spi_write     lcd_spi.o
    0x08002304   0x08002304   0x00000058   Code   RO          631    i.lcd_spi_write_async  lcd_spi.o
    0x0800235c   0x0800235c   0x0000002c   Code   RO          375    i.led_init          led.o
    0x08002388   0x08002388   0x000003ac   Code   RO           96    i.main              main.o
    0x08002734   0x08002734   0x0000006c   Code   RO          782    i.mpu6050_init      mpu6050.o
    0x080027a0   0x080027a0   0x00000034   Code   RO          785    i.mpu6050_read_temper  mpu6050.o
    0x080027d4   0x080027d4   0x00000058   Code   RO          511    i.on_usart_received  esp_at.o
    0x0800282c   0x0800282c   0x00000018   Code   RO          414    i.rtc_get_date      rtc.o
    0x08002844   0x08002844   0x00000028   Code   RO          416    i.rtc_init          rtc.o
    0x0800286c   0x0800286c   0x00000016   Code   RO          418    i.rtc_set_timestamp  rtc.o
    0x08002882   0x08002882   0x00000002   PAD
    0x08002884   0x08002884   0x0000000c   Code   RO          668    i.spi_on_async_finish  st7735.o
    0x08002890   0x08002890   0x00000058   Code   RO          669    i.st7735_draw_image  st7735.o
    0x080028e8   0x080028e8   0x000000a0   Code   RO          671    i.st7735_fill_rect  st7735.o
    0x08002988   0x08002988   0x00000012   Code   RO          672    i.st7735_fill_screen  st7735.o
    0x0800299a   0x0800299a   0x00000002   PAD
    0x0800299c   0x0800299c   0x000000d0   Code   RO          673    i.st7735_init       st7735.o
    0x08002a6c   0x08002a6c   0x00000010   Code   RO          674    i.st7735_select     st7735.o
    0x08002a7c   0x08002a7c   0x00000042   Code   RO          675    i.st7735_set_window  st7735.o
    0x08002abe   0x08002abe   0x00000002   PAD
    0x08002ac0   0x08002ac0   0x00000010   Code   RO          676    i.st7735_unselect   st7735.o
    0x08002ad0   0x08002ad0   0x000000c0   Code   RO          677    i.st7735_write_char  st7735.o
    0x08002b90   0x08002b90   0x0000001c   Code   RO          678    i.st7735_write_cmd  st7735.o
    0x08002bac   0x08002bac   0x00000030   Code   RO          679    i.st7735_write_data  st7735.o
    0x08002bdc   0x08002bdc   0x0000005a   Code   RO          681    i.st7735_write_fonts  st7735.o
    0x08002c36   0x08002c36   0x00000002   PAD
    0x08002c38   0x08002c38   0x00000094   Code   RO          682    i.st7735_write_glyph_by_index  st7735.o
    0x08002ccc   0x08002ccc   0x0000004c   Code   RO          683    i.st7735_write_string  st7735.o
    0x08002d18   0x08002d18   0x0000003c   Code   RO          823    i.swi2c_init        swi2c.o
    0x08002d54   0x08002d54   0x00000060   Code   RO          824    i.swi2c_read        swi2c.o
    0x08002db4   0x08002db4   0x00000044   Code   RO          825    i.swi2c_write       swi2c.o
    0x08002df8   0x08002df8   0x0000001c   Code   RO           97    i.timer_elapsed_callback  main.o
    0x08002e14   0x08002e14   0x0000000c   Code   RO          463    i.timer_elapsed_register  timer.o
    0x08002e20   0x08002e20   0x0000004c   Code   RO          464    i.timer_init        timer.o
    0x08002e6c   0x08002e6c   0x00000008   Code   RO          465    i.timer_start       timer.o
    0x08002e74   0x08002e74   0x000000c8   Code   RO          419    i.ts_to_date        rtc.o
    0x08002f3c   0x08002f3c   0x0000008c   Code   RO          188    i.weather_parse     weather.o
    0x08002fc8   0x08002fc8   0x00000168   Code   RO           98    i.wifi_init         main.o
    0x08003130   0x08003130   0x0000034d   Data   RO          203    .constdata          font_temper_32.o
    0x0800347d   0x0800347d   0x000006cc   Data   RO          217    .constdata          font_time_48.o
    0x08003b49   0x08003b49   0x00001200   Data   RO          231    .constdata          icon_weather_duoyun.o
    0x08004d49   0x08004d49   0x00000003   PAD
    0x08004d4c   0x08004d4c   0x00000008   Data   RO          232    .constdata          icon_weather_duoyun.o
    0x08004d54   0x08004d54   0x00001200   Data   RO          245    .constdata          icon_weather_feng.o
    0x08005f54   0x08005f54   0x00000008   Data   RO          246    .constdata          icon_weather_feng.o
    0x08005f5c   0x08005f5c   0x00001200   Data   RO          259    .constdata          icon_weather_qing.o
    0x0800715c   0x0800715c   0x00000008   Data   RO          260    .constdata          icon_weather_qing.o
    0x08007164   0x08007164   0x00001200   Data   RO          273    .constdata          icon_weather_xue.o
    0x08008364   0x08008364   0x00000008   Data   RO          274    .constdata          icon_weather_xue.o
    0x0800836c   0x0800836c   0x00001200   Data   RO          287    .constdata          icon_weather_yin.o
    0x0800956c   0x0800956c   0x00000008   Data   RO          288    .constdata          icon_weather_yin.o
    0x08009574   0x08009574   0x00001200   Data   RO          301    .constdata          icon_weather_yu.o
    0x0800a774   0x0800a774   0x00000008   Data   RO          302    .constdata          icon_weather_yu.o
    0x0800a77c   0x0800a77c   0x00000100   Data   RO          329    .constdata          font_location.o
    0x0800a87c   0x0800a87c   0x00000800   Data   RO          343    .constdata          icon_location.o
    0x0800b07c   0x0800b07c   0x00000008   Data   RO          344    .constdata          icon_location.o
    0x0800b084   0x0800b084   0x000000e0   Data   RO          357    .constdata          font_character_16.o
    0x0800b164   0x0800b164   0x00000080   Data   RO          358    .constdata          font_character_16.o
    0x0800b1e4   0x0800b1e4   0x00000020   Data   RO          359    .constdata          font_character_16.o
    0x0800b204   0x0800b204   0x00000030   Data   RO          420    .constdata          rtc.o
    0x0800b234   0x0800b234   0x0000006d   Data   RO          685    .constdata          st7735.o
    0x0800b2a1   0x0800b2a1   0x0000064f   Data   RO          768    .constdata          stfonts.o
    0x0800b8f0   0x0800b8f0   0x00000081   Data   RO         4202    .constdata          mc_w.l(ctype_o.o)
    0x0800b971   0x0800b971   0x00000003   PAD
    0x0800b974   0x0800b974   0x00000004   Data   RO         4203    .constdata          mc_w.l(ctype_o.o)
    0x0800b978   0x0800b978   0x0000007d   Data   RO           99    .conststring        main.o
    0x0800b9f5   0x0800b9f5   0x00000003   PAD
    0x0800b9f8   0x0800b9f8   0x00000020   Data   RO         4236    Region$$Table       anon$$obj.o


    Execution Region RW_IRAM1 (Exec base: 0x20000000, Load base: 0x0800ba18, Size: 0x000024b0, Max: 0x00050000, ABSOLUTE)

    Exec Addr    Load Addr    Size         Type   Attr      Idx    E Section Name        Object

    0x20000000   0x0800ba18   0x00000014   Data   RW          100    .data               main.o
    0x20000014   0x0800ba2c   0x0000000c   Data   RW          204    .data               font_temper_32.o
    0x20000020   0x0800ba38   0x0000000c   Data   RW          218    .data               font_time_48.o
    0x2000002c   0x0800ba44   0x0000000c   Data   RW          330    .data               font_location.o
    0x20000038   0x0800ba50   0x0000000c   Data   RW          360    .data               font_character_16.o
    0x20000044   0x0800ba5c   0x0000000c   Data   RW          361    .data               font_character_16.o
    0x20000050   0x0800ba68   0x0000000c   Data   RW          362    .data               font_character_16.o
    0x2000005c   0x0800ba74   0x00000004   Data   RW          467    .data               timer.o
    0x20000060   0x0800ba78   0x00000008   Data   RW          513    .data               esp_at.o
    0x20000068   0x0800ba80   0x00000004   Data   RW          594    .data               esp_usart.o
    0x2000006c   0x0800ba84   0x00000004   Data   RW          632    .data               lcd_spi.o
    0x20000070   0x0800ba88   0x00000001   Data   RW          686    .data               st7735.o
    0x20000071   0x0800ba89   0x00000003   PAD
    0x20000074   0x0800ba8c   0x0000000c   Data   RW          769    .data               stfonts.o
    0x20000080   0x0800ba98   0x00000014   Data   RW          884    .data               system_stm32f10x.o
    0x20000094   0x0800baac   0x00000014   Data   RW         2505    .data               stm32f10x_rcc.o
    0x200000a8   0x0800bac0   0x00000004   Data   RW         4173    .data               mc_w.l(errno.o)
    0x200000ac        -       0x00001000   Zero   RW          512    .bss                esp_at.o
    0x200010ac        -       0x00001000   Zero   RW          684    .bss                st7735.o
    0x200020ac   0x0800bac4   0x00000004   PAD
    0x200020b0        -       0x00000400   Zero   RW          863    STACK               startup_stm32f10x_xl.o


==============================================================================

Image component sizes


      Code (inc. data)   RO Data    RW Data    ZI Data      Debug   Object Name

         0          0          0          0          0     269748   board.o
        70         10          0          0          0        898   delay.o
       676        230          0          8       4096       6447   esp_at.o
       292         30          0          4          0       3594   esp_usart.o
         0          0        384         36          0       1480   font_character_16.o
         0          0        256         12          0       1356   font_location.o
         0          0        845         12          0       1360   font_temper_32.o
         0          0       1740         12          0       1352   font_time_48.o
         0          0       2056          0          0       1297   icon_location.o
         0          0       4616          0          0       1313   icon_weather_duoyun.o
         0          0       4616          0          0       1305   icon_weather_feng.o
         0          0       4616          0          0       1305   icon_weather_qing.o
         0          0       4616          0          0       1297   icon_weather_xue.o
         0          0       4616          0          0       1297   icon_weather_yin.o
         0          0       4616          0          0       1301   icon_weather_yu.o
       416         42          0          4          0       4159   lcd_spi.o
        44          4          0          0          0        463   led.o
      1446        308        125         20          0       6380   main.o
       100          6          0          0          0        964   misc.o
       160         10          0          0          0       1153   mpu6050.o
       286          4         48          0          0       2775   rtc.o
      1166         68        109          1       4096      11959   st7735.o
        36          8        304          0       1024        848   startup_stm32f10x_xl.o
         0          0       1615         12          0       1364   stfonts.o
        18          0          0          0          0        481   stm32f10x_bkp.o
       380         26          0          0          0       5259   stm32f10x_dma.o
       194          0          0          0          0       4100   stm32f10x_gpio.o
        12          6          0          0          0        498   stm32f10x_pwr.o
       336         60          0         20          0       7690   stm32f10x_rcc.o
       168         34          0          0          0       3989   stm32f10x_rtc.o
       110          0          0          0          0       3857   stm32f10x_spi.o
       222         42          0          0          0       4389   stm32f10x_tim.o
       332          6          0          0          0       6113   stm32f10x_usart.o
       620         24          0          0          0       5384   swi2c.o
       248         24          0         20          0       1901   system_stm32f10x.o
       140         10          0          4          0       2102   timer.o
       140         28          0          0          0       1444   weather.o

    ----------------------------------------------------------------------
      7632        980      35216        168       9220     372622   Object Totals
         0          0         32          0          0          0   (incl. Generated)
        20          0          6          3          4          0   (incl. Padding)

    ----------------------------------------------------------------------

      Code (inc. data)   RO Data    RW Data    ZI Data      Debug   Library Member Name

        28          0          0          0          0         68   _chval.o
       158          0          0          0          0         92   _strtoul.o
        26          0          0          0          0         80   atoi.o
         8          4        133          0          0         68   ctype_o.o
         0          0          0          0          0          0   entry.o
         0          0          0          0          0          0   entry10a.o
         0          0          0          0          0          0   entry11a.o
         8          4          0          0          0          0   entry2.o
         4          0          0          0          0          0   entry5.o
         0          0          0          0          0          0   entry7b.o
         0          0          0          0          0          0   entry8b.o
         8          4          0          0          0          0   entry9a.o
         8          4          0          4          0         68   errno.o
        30          0          0          0          0          0   handlers.o
        36          8          0          0          0         68   init.o
         0          0          0          0          0          0   iusefp.o
        30          0          0          0          0         68   llshl.o
        36          0          0          0          0         68   llsshr.o
        32          0          0          0          0         68   llushr.o
        36          0          0          0          0         68   memcpya.o
      2296         84          0          0          0        520   printfa.o
        20          0          0          0          0         68   strchr.o
        28          0          0          0          0         76   strcmp.o
        14          0          0          0          0         68   strlen.o
        24          0          0          0          0         76   strncpy.o
        36          0          0          0          0         80   strstr.o
       112          0          0          0          0         88   strtol.o
        44          0          0          0          0         80   uidiv.o
        98          0          0          0          0         92   uldiv.o
        48          0          0          0          0         68   cdrcmple.o
       334          0          0          0          0        148   dadd.o
       222          0          0          0          0        100   ddiv.o
       186          0          0          0          0        176   depilogue.o
        48          0          0          0          0         68   dfixul.o
       228          0          0          0          0         96   dmul.o
        38          0          0          0          0         68   f2d.o
       176          0          0          0          0        140   fadd.o
       124          0          0          0          0         88   fdiv.o
       110          0          0          0          0        168   fepilogue.o
        18          0          0          0          0         68   fflti.o

    ----------------------------------------------------------------------
      4656        108        136          4          0       3052   Library Totals
         4          0          3          0          0          0   (incl. Padding)

    ----------------------------------------------------------------------

      Code (inc. data)   RO Data    RW Data    ZI Data      Debug   Library Name

      3120        108        133          4          0       1864   mc_w.l
      1532          0          0          0          0       1188   mf_w.l

    ----------------------------------------------------------------------
      4656        108        136          4          0       3052   Library Totals

    ----------------------------------------------------------------------

==============================================================================


      Code (inc. data)   RO Data    RW Data    ZI Data      Debug   

     12288       1088      35352        172       9220     368702   Grand Totals
     12288       1088      35352        172       9220     368702   ELF Image Totals
     12288       1088      35352        172          0          0   ROM Totals

==============================================================================

    Total RO  Size (Code + RO Data)                47640 (  46.52kB)
    Total RW  Size (RW Data + ZI Data)              9392 (   9.17kB)
    Total ROM Size (Code + RO Data + RW Data)      47812 (  46.69kB)

==============================================================================

